  Determining projects to restore...
  All projects are up-to-date for restore.
C:\Program Files\dotnet\sdk\9.0.308\Microsoft.Common.CurrentVersion.targets(5394,5): warning MSB3026: Could not copy "D:\ASS TRANG WEB\ShoesStore\obj\Debug\net8.0\apphost.exe" to "bin\Debug\net8.0\ShoesStore.exe". Beginning retry 1 in 1000ms. The process cannot access the file 'D:\ASS TRANG WEB\ShoesStore\bin\Debug\net8.0\ShoesStore.exe' because it is being used by another process. The file is locked by: "ShoesStore (7480)" [D:\ASS TRANG WEB\ShoesStore\ShoesStore.csproj]
C:\Program Files\dotnet\sdk\9.0.308\Microsoft.Common.CurrentVersion.targets(5394,5): warning MSB3026: Could not copy "D:\ASS TRANG WEB\ShoesStore\obj\Debug\net8.0\apphost.exe" to "bin\Debug\net8.0\ShoesStore.exe". Beginning retry 2 in 1000ms. The process cannot access the file 'D:\ASS TRANG WEB\ShoesStore\bin\Debug\net8.0\ShoesStore.exe' because it is being used by another process. The file is locked by: "ShoesStore (7480)" [D:\ASS TRANG WEB\ShoesStore\ShoesStore.csproj]
C:\Program Files\dotnet\sdk\9.0.308\Microsoft.Common.CurrentVersion.targets(5394,5): warning MSB3026: Could not copy "D:\ASS TRANG WEB\ShoesStore\obj\Debug\net8.0\apphost.exe" to "bin\Debug\net8.0\ShoesStore.exe". Beginning retry 3 in 1000ms. The process cannot access the file 'D:\ASS TRANG WEB\ShoesStore\bin\Debug\net8.0\ShoesStore.exe' because it is being used by another process. The file is locked by: "ShoesStore (7480)" [D:\ASS TRANG WEB\ShoesStore\ShoesStore.csproj]
C:\Program Files\dotnet\sdk\9.0.308\Microsoft.Common.CurrentVersion.targets(5394,5): warning MSB3026: Could not copy "D:\ASS TRANG WEB\ShoesStore\obj\Debug\net8.0\apphost.exe" to "bin\Debug\net8.0\ShoesStore.exe". Beginning retry 4 in 1000ms. The process cannot access the file 'D:\ASS TRANG WEB\ShoesStore\bin\Debug\net8.0\ShoesStore.exe' because it is being used by another process. The file is locked by: "ShoesStore (7480)" [D:\ASS TRANG WEB\ShoesStore\ShoesStore.csproj]
C:\Program Files\dotnet\sdk\9.0.308\Microsoft.Common.CurrentVersion.targets(5394,5): warning MSB3026: Could not copy "D:\ASS TRANG WEB\ShoesStore\obj\Debug\net8.0\apphost.exe" to "bin\Debug\net8.0\ShoesStore.exe". Beginning retry 5 in 1000ms. The process cannot access the file 'D:\ASS TRANG WEB\ShoesStore\bin\Debug\net8.0\ShoesStore.exe' because it is being used by another process. The file is locked by: "ShoesStore (7480)" [D:\ASS TRANG WEB\ShoesStore\ShoesStore.csproj]
C:\Program Files\dotnet\sdk\9.0.308\Microsoft.Common.CurrentVersion.targets(5394,5): warning MSB3026: Could not copy "D:\ASS TRANG WEB\ShoesStore\obj\Debug\net8.0\apphost.exe" to "bin\Debug\net8.0\ShoesStore.exe". Beginning retry 6 in 1000ms. The process cannot access the file 'D:\ASS TRANG WEB\ShoesStore\bin\Debug\net8.0\ShoesStore.exe' because it is being used by another process. The file is locked by: "ShoesStore (7480)" [D:\ASS TRANG WEB\ShoesStore\ShoesStore.csproj]
C:\Program Files\dotnet\sdk\9.0.308\Microsoft.Common.CurrentVersion.targets(5394,5): warning MSB3026: Could not copy "D:\ASS TRANG WEB\ShoesStore\obj\Debug\net8.0\apphost.exe" to "bin\Debug\net8.0\ShoesStore.exe". Beginning retry 7 in 1000ms. The process cannot access the file 'D:\ASS TRANG WEB\ShoesStore\bin\Debug\net8.0\ShoesStore.exe' because it is being used by another process. The file is locked by: "ShoesStore (7480)" [D:\ASS TRANG WEB\ShoesStore\ShoesStore.csproj]
C:\Program Files\dotnet\sdk\9.0.308\Microsoft.Common.CurrentVersion.targets(5394,5): warning MSB3026: Could not copy "D:\ASS TRANG WEB\ShoesStore\obj\Debug\net8.0\apphost.exe" to "bin\Debug\net8.0\ShoesStore.exe". Beginning retry 8 in 1000ms. The process cannot access the file 'D:\ASS TRANG WEB\ShoesStore\bin\Debug\net8.0\ShoesStore.exe' because it is being used by another process. The file is locked by: "ShoesStore (7480)" [D:\ASS TRANG WEB\ShoesStore\ShoesStore.csproj]
C:\Program Files\dotnet\sdk\9.0.308\Microsoft.Common.CurrentVersion.targets(5394,5): warning MSB3026: Could not copy "D:\ASS TRANG WEB\ShoesStore\obj\Debug\net8.0\apphost.exe" to "bin\Debug\net8.0\ShoesStore.exe". Beginning retry 9 in 1000ms. The process cannot access the file 'D:\ASS TRANG WEB\ShoesStore\bin\Debug\net8.0\ShoesStore.exe' because it is being used by another process. The file is locked by: "ShoesStore (7480)" [D:\ASS TRANG WEB\ShoesStore\ShoesStore.csproj]
C:\Program Files\dotnet\sdk\9.0.308\Microsoft.Common.CurrentVersion.targets(5394,5): warning MSB3026: Could not copy "D:\ASS TRANG WEB\ShoesStore\obj\Debug\net8.0\apphost.exe" to "bin\Debug\net8.0\ShoesStore.exe". Beginning retry 10 in 1000ms. The process cannot access the file 'D:\ASS TRANG WEB\ShoesStore\bin\Debug\net8.0\ShoesStore.exe' because it is being used by another process. The file is locked by: "ShoesStore (7480)" [D:\ASS TRANG WEB\ShoesStore\ShoesStore.csproj]
C:\Program Files\dotnet\sdk\9.0.308\Microsoft.Common.CurrentVersion.targets(5394,5): error MSB3027: Could not copy "D:\ASS TRANG WEB\ShoesStore\obj\Debug\net8.0\apphost.exe" to "bin\Debug\net8.0\ShoesStore.exe". Exceeded retry count of 10. Failed. The file is locked by: "ShoesStore (7480)" [D:\ASS TRANG WEB\ShoesStore\ShoesStore.csproj]
C:\Program Files\dotnet\sdk\9.0.308\Microsoft.Common.CurrentVersion.targets(5394,5): error MSB3021: Unable to copy file "D:\ASS TRANG WEB\ShoesStore\obj\Debug\net8.0\apphost.exe" to "bin\Debug\net8.0\ShoesStore.exe". The process cannot access the file 'D:\ASS TRANG WEB\ShoesStore\bin\Debug\net8.0\ShoesStore.exe' because it is being used by another process. [D:\ASS TRANG WEB\ShoesStore\ShoesStore.csproj]

Build FAILED.

C:\Program Files\dotnet\sdk\9.0.308\Microsoft.Common.CurrentVersion.targets(5394,5): warning MSB3026: Could not copy "D:\ASS TRANG WEB\ShoesStore\obj\Debug\net8.0\apphost.exe" to "bin\Debug\net8.0\ShoesStore.exe". Beginning retry 1 in 1000ms. The process cannot access the file 'D:\ASS TRANG WEB\ShoesStore\bin\Debug\net8.0\ShoesStore.exe' because it is being used by another process. The file is locked by: "ShoesStore (7480)" [D:\ASS TRANG WEB\ShoesStore\ShoesStore.csproj]
C:\Program Files\dotnet\sdk\9.0.308\Microsoft.Common.CurrentVersion.targets(5394,5): warning MSB3026: Could not copy "D:\ASS TRANG WEB\ShoesStore\obj\Debug\net8.0\apphost.exe" to "bin\Debug\net8.0\ShoesStore.exe". Beginning retry 2 in 1000ms. The process cannot access the file 'D:\ASS TRANG WEB\ShoesStore\bin\Debug\net8.0\ShoesStore.exe' because it is being used by another process. The file is locked by: "ShoesStore (7480)" [D:\ASS TRANG WEB\ShoesStore\ShoesStore.csproj]
C:\Program Files\dotnet\sdk\9.0.308\Microsoft.Common.CurrentVersion.targets(5394,5): warning MSB3026: Could not copy "D:\ASS TRANG WEB\ShoesStore\obj\Debug\net8.0\apphost.exe" to "bin\Debug\net8.0\ShoesStore.exe". Beginning retry 3 in 1000ms. The process cannot access the file 'D:\ASS TRANG WEB\ShoesStore\bin\Debug\net8.0\ShoesStore.exe' because it is being used by another process. The file is locked by: "ShoesStore (7480)" [D:\ASS TRANG WEB\ShoesStore\ShoesStore.csproj]
C:\Program Files\dotnet\sdk\9.0.308\Microsoft.Common.CurrentVersion.targets(5394,5): warning MSB3026: Could not copy "D:\ASS TRANG WEB\ShoesStore\obj\Debug\net8.0\apphost.exe" to "bin\Debug\net8.0\ShoesStore.exe". Beginning retry 4 in 1000ms. The process cannot access the file 'D:\ASS TRANG WEB\ShoesStore\bin\Debug\net8.0\ShoesStore.exe' because it is being used by another process. The file is locked by: "ShoesStore (7480)" [D:\ASS TRANG WEB\ShoesStore\ShoesStore.csproj]
C:\Program Files\dotnet\sdk\9.0.308\Microsoft.Common.CurrentVersion.targets(5394,5): warning MSB3026: Could not copy "D:\ASS TRANG WEB\ShoesStore\obj\Debug\net8.0\apphost.exe" to "bin\Debug\net8.0\ShoesStore.exe". Beginning retry 5 in 1000ms. The process cannot access the file 'D:\ASS TRANG WEB\ShoesStore\bin\Debug\net8.0\ShoesStore.exe' because it is being used by another process. The file is locked by: "ShoesStore (7480)" [D:\ASS TRANG WEB\ShoesStore\ShoesStore.csproj]
C:\Program Files\dotnet\sdk\9.0.308\Microsoft.Common.CurrentVersion.targets(5394,5): warning MSB3026: Could not copy "D:\ASS TRANG WEB\ShoesStore\obj\Debug\net8.0\apphost.exe" to "bin\Debug\net8.0\ShoesStore.exe". Beginning retry 6 in 1000ms. The process cannot access the file 'D:\ASS TRANG WEB\ShoesStore\bin\Debug\net8.0\ShoesStore.exe' because it is being used by another process. The file is locked by: "ShoesStore (7480)" [D:\ASS TRANG WEB\ShoesStore\ShoesStore.csproj]
C:\Program Files\dotnet\sdk\9.0.308\Microsoft.Common.CurrentVersion.targets(5394,5): warning MSB3026: Could not copy "D:\ASS TRANG WEB\ShoesStore\obj\Debug\net8.0\apphost.exe" to "bin\Debug\net8.0\ShoesStore.exe". Beginning retry 7 in 1000ms. The process cannot access the file 'D:\ASS TRANG WEB\ShoesStore\bin\Debug\net8.0\ShoesStore.exe' because it is being used by another process. The file is locked by: "ShoesStore (7480)" [D:\ASS TRANG WEB\ShoesStore\ShoesStore.csproj]
C:\Program Files\dotnet\sdk\9.0.308\Microsoft.Common.CurrentVersion.targets(5394,5): warning MSB3026: Could not copy "D:\ASS TRANG WEB\ShoesStore\obj\Debug\net8.0\apphost.exe" to "bin\Debug\net8.0\ShoesStore.exe". Beginning retry 8 in 1000ms. The process cannot access the file 'D:\ASS TRANG WEB\ShoesStore\bin\Debug\net8.0\ShoesStore.exe' because it is being used by another process. The file is locked by: "ShoesStore (7480)" [D:\ASS TRANG WEB\ShoesStore\ShoesStore.csproj]
C:\Program Files\dotnet\sdk\9.0.308\Microsoft.Common.CurrentVersion.targets(5394,5): warning MSB3026: Could not copy "D:\ASS TRANG WEB\ShoesStore\obj\Debug\net8.0\apphost.exe" to "bin\Debug\net8.0\ShoesStore.exe". Beginning retry 9 in 1000ms. The process cannot access the file 'D:\ASS TRANG WEB\ShoesStore\bin\Debug\net8.0\ShoesStore.exe' because it is being used by another process. The file is locked by: "ShoesStore (7480)" [D:\ASS TRANG WEB\ShoesStore\ShoesStore.csproj]
C:\Program Files\dotnet\sdk\9.0.308\Microsoft.Common.CurrentVersion.targets(5394,5): warning MSB3026: Could not copy "D:\ASS TRANG WEB\ShoesStore\obj\Debug\net8.0\apphost.exe" to "bin\Debug\net8.0\ShoesStore.exe". Beginning retry 10 in 1000ms. The process cannot access the file 'D:\ASS TRANG WEB\ShoesStore\bin\Debug\net8.0\ShoesStore.exe' because it is being used by another process. The file is locked by: "ShoesStore (7480)" [D:\ASS TRANG WEB\ShoesStore\ShoesStore.csproj]
C:\Program Files\dotnet\sdk\9.0.308\Microsoft.Common.CurrentVersion.targets(5394,5): error MSB3027: Could not copy "D:\ASS TRANG WEB\ShoesStore\obj\Debug\net8.0\apphost.exe" to "bin\Debug\net8.0\ShoesStore.exe". Exceeded retry count of 10. Failed. The file is locked by: "ShoesStore (7480)" [D:\ASS TRANG WEB\ShoesStore\ShoesStore.csproj]
C:\Program Files\dotnet\sdk\9.0.308\Microsoft.Common.CurrentVersion.targets(5394,5): error MSB3021: Unable to copy file "D:\ASS TRANG WEB\ShoesStore\obj\Debug\net8.0\apphost.exe" to "bin\Debug\net8.0\ShoesStore.exe". The process cannot access the file 'D:\ASS TRANG WEB\ShoesStore\bin\Debug\net8.0\ShoesStore.exe' because it is being used by another process. [D:\ASS TRANG WEB\ShoesStore\ShoesStore.csproj]
    10 Warning(s)
    2 Error(s)

Time Elapsed 00:00:13.50

Workload updates are available. Run `dotnet workload list` for more information.
