C:\Program Files\dotnet\sdk\9.0.308\Microsoft.Common.CurrentVersion.targets(5394,5): error MSB3027: Could not copy "D:\ASS TRANG WEB\ShoesStore\obj\Debug\net8.0\apphost.exe" to "bin\Debug\net8.0\ShoesStore.exe". Exceeded retry count of 10. Failed. The file is locked by: "ShoesStore (29560)" [D:\ASS TRANG WEB\ShoesStore\ShoesStore.csproj]
C:\Program Files\dotnet\sdk\9.0.308\Microsoft.Common.CurrentVersion.targets(5394,5): error MSB3021: Unable to copy file "D:\ASS TRANG WEB\ShoesStore\obj\Debug\net8.0\apphost.exe" to "bin\Debug\net8.0\ShoesStore.exe". The process cannot access the file 'D:\ASS TRANG WEB\ShoesStore\bin\Debug\net8.0\ShoesStore.exe' because it is being used by another process. [D:\ASS TRANG WEB\ShoesStore\ShoesStore.csproj]

Build FAILED.
    224 Warning(s)
    2 Error(s)

Time Elapsed 00:00:17.01

Workload updates are available. Run `dotnet workload list` for more information.
