  Determining projects to restore...
  All projects are up-to-date for restore.
D:\ASS TRANG WEB\ShoesStore\Models\ShoesDbContext.cs(61,10): warning CS1030: #warning: 'To protect potentially sensitive information in your connection string, you should move it out of source code. You can avoid scaffolding the connection string by using the Name= syntax to read it from configuration - see https://go.microsoft.com/fwlink/?linkid=2131148. For more guidance on storing connection strings, see http://go.microsoft.com/fwlink/?LinkId=723263.' [D:\ASS TRANG WEB\ShoesStore\ShoesStore.csproj]
D:\ASS TRANG WEB\ShoesStore\Views\Shared\Components\BlogLast\Default.cshtml(10,8): error RZ1034: Found a malformed 'a' tag helper. Tag helpers must have a start and end tag or be self closing. [D:\ASS TRANG WEB\ShoesStore\ShoesStore.csproj]
D:\ASS TRANG WEB\ShoesStore\Areas\Admin\Controllers\SanPhamAdminController.cs(308,59): warning CS8625: Cannot convert null literal to non-nullable reference type. [D:\ASS TRANG WEB\ShoesStore\ShoesStore.csproj]
D:\ASS TRANG WEB\ShoesStore\Migrations\20240530150423_notrangthaidongsp.cs(8,26): warning CS8981: The type name 'notrangthaidongsp' only contains lower-cased ascii characters. Such names may become reserved for the language. [D:\ASS TRANG WEB\ShoesStore\ShoesStore.csproj]
D:\ASS TRANG WEB\ShoesStore\Migrations\20240530150423_notrangthaidongsp.Designer.cs(16,19): warning CS8981: The type name 'notrangthaidongsp' only contains lower-cased ascii characters. Such names may become reserved for the language. [D:\ASS TRANG WEB\ShoesStore\ShoesStore.csproj]
D:\ASS TRANG WEB\ShoesStore\ViewModels\UpdateAddressViewModel.cs(8,23): warning CS8618: Non-nullable property 'Tennguoinhan' must contain a non-null value when exiting constructor. Consider adding the 'required' modifier or declaring the property as nullable. [D:\ASS TRANG WEB\ShoesStore\ShoesStore.csproj]
D:\ASS TRANG WEB\ShoesStore\ViewModels\UpdateAddressViewModel.cs(9,23): warning CS8618: Non-nullable property 'Sdtnguoinhan' must contain a non-null value when exiting constructor. Consider adding the 'required' modifier or declaring the property as nullable. [D:\ASS TRANG WEB\ShoesStore\ShoesStore.csproj]
D:\ASS TRANG WEB\ShoesStore\ViewModels\UpdateAddressViewModel.cs(10,23): warning CS8618: Non-nullable property 'Diachi' must contain a non-null value when exiting constructor. Consider adding the 'required' modifier or declaring the property as nullable. [D:\ASS TRANG WEB\ShoesStore\ShoesStore.csproj]
D:\ASS TRANG WEB\ShoesStore\ViewModels\UpdateAddressViewModel.cs(14,37): warning CS8618: Non-nullable property 'tinhSelect' must contain a non-null value when exiting constructor. Consider adding the 'required' modifier or declaring the property as nullable. [D:\ASS TRANG WEB\ShoesStore\ShoesStore.csproj]
D:\ASS TRANG WEB\ShoesStore\ViewModels\UpdateAddressViewModel.cs(15,37): warning CS8618: Non-nullable property 'quanSelect' must contain a non-null value when exiting constructor. Consider adding the 'required' modifier or declaring the property as nullable. [D:\ASS TRANG WEB\ShoesStore\ShoesStore.csproj]
D:\ASS TRANG WEB\ShoesStore\ViewModels\UpdateAddressViewModel.cs(16,37): warning CS8618: Non-nullable property 'phuongSelect' must contain a non-null value when exiting constructor. Consider adding the 'required' modifier or declaring the property as nullable. [D:\ASS TRANG WEB\ShoesStore\ShoesStore.csproj]
D:\ASS TRANG WEB\ShoesStore\ViewModels\SodiachiProfileViewModel.cs(7,31): warning CS8618: Non-nullable property 'sdc' must contain a non-null value when exiting constructor. Consider adding the 'required' modifier or declaring the property as nullable. [D:\ASS TRANG WEB\ShoesStore\ShoesStore.csproj]
D:\ASS TRANG WEB\ShoesStore\ViewModels\SodiachiProfileViewModel.cs(8,23): warning CS8618: Non-nullable property 'currentKhName' must contain a non-null value when exiting constructor. Consider adding the 'required' modifier or declaring the property as nullable. [D:\ASS TRANG WEB\ShoesStore\ShoesStore.csproj]
D:\ASS TRANG WEB\ShoesStore\ViewModels\SodiachiProfileViewModel.cs(9,23): warning CS8618: Non-nullable property 'currentPhone' must contain a non-null value when exiting constructor. Consider adding the 'required' modifier or declaring the property as nullable. [D:\ASS TRANG WEB\ShoesStore\ShoesStore.csproj]
D:\ASS TRANG WEB\ShoesStore\ViewModels\ShoppingCartItem.cs(7,23): warning CS8618: Non-nullable property 'Name' must contain a non-null value when exiting constructor. Consider adding the 'required' modifier or declaring the property as nullable. [D:\ASS TRANG WEB\ShoesStore\ShoesStore.csproj]
D:\ASS TRANG WEB\ShoesStore\ViewModels\ShoppingCartItem.cs(8,23): warning CS8618: Non-nullable property 'TenMau' must contain a non-null value when exiting constructor. Consider adding the 'required' modifier or declaring the property as nullable. [D:\ASS TRANG WEB\ShoesStore\ShoesStore.csproj]
D:\ASS TRANG WEB\ShoesStore\ViewModels\ShoppingCartItem.cs(9,24): warning CS8618: Non-nullable property 'sanpham' must contain a non-null value when exiting constructor. Consider adding the 'required' modifier or declaring the property as nullable. [D:\ASS TRANG WEB\ShoesStore\ShoesStore.csproj]
D:\ASS TRANG WEB\ShoesStore\ViewModels\ShoppingCartItem.cs(10,23): warning CS8618: Non-nullable property 'Size' must contain a non-null value when exiting constructor. Consider adding the 'required' modifier or declaring the property as nullable. [D:\ASS TRANG WEB\ShoesStore\ShoesStore.csproj]
D:\ASS TRANG WEB\ShoesStore\ViewModels\SanphamViewModel.cs(7,22): warning CS8618: Non-nullable property 'dongsanpham' must contain a non-null value when exiting constructor. Consider adding the 'required' modifier or declaring the property as nullable. [D:\ASS TRANG WEB\ShoesStore\ShoesStore.csproj]
D:\ASS TRANG WEB\ShoesStore\ViewModels\SanphamViewModel.cs(8,24): warning CS8618: Non-nullable property 'sanphams' must contain a non-null value when exiting constructor. Consider adding the 'required' modifier or declaring the property as nullable. [D:\ASS TRANG WEB\ShoesStore\ShoesStore.csproj]
D:\ASS TRANG WEB\ShoesStore\ViewModels\SanphamViewModel.cs(9,23): warning CS8618: Non-nullable property 'tenSize' must contain a non-null value when exiting constructor. Consider adding the 'required' modifier or declaring the property as nullable. [D:\ASS TRANG WEB\ShoesStore\ShoesStore.csproj]
D:\ASS TRANG WEB\ShoesStore\ViewModels\SanphamViewModel.cs(10,20): warning CS8618: Non-nullable property 'slton' must contain a non-null value when exiting constructor. Consider adding the 'required' modifier or declaring the property as nullable. [D:\ASS TRANG WEB\ShoesStore\ShoesStore.csproj]
D:\ASS TRANG WEB\ShoesStore\ViewModels\SanPhamHomeViewModel.cs(7,24): warning CS8618: Non-nullable property 'sp' must contain a non-null value when exiting constructor. Consider adding the 'required' modifier or declaring the property as nullable. [D:\ASS TRANG WEB\ShoesStore\ShoesStore.csproj]
D:\ASS TRANG WEB\ShoesStore\ViewModels\PhieuMuaViewModel.cs(8,39): warning CS8618: Non-nullable property 'listcartItem' must contain a non-null value when exiting constructor. Consider adding the 'required' modifier or declaring the property as nullable. [D:\ASS TRANG WEB\ShoesStore\ShoesStore.csproj]
D:\ASS TRANG WEB\ShoesStore\ViewModels\PhieuMuaViewModel.cs(13,24): warning CS8618: Non-nullable property 'HoTen' must contain a non-null value when exiting constructor. Consider adding the 'required' modifier or declaring the property as nullable. [D:\ASS TRANG WEB\ShoesStore\ShoesStore.csproj]
D:\ASS TRANG WEB\ShoesStore\ViewModels\PhieuMuaViewModel.cs(14,23): warning CS8618: Non-nullable property 'Sdt' must contain a non-null value when exiting constructor. Consider adding the 'required' modifier or declaring the property as nullable. [D:\ASS TRANG WEB\ShoesStore\ShoesStore.csproj]
D:\ASS TRANG WEB\ShoesStore\ViewModels\PhieuMuaViewModel.cs(15,23): warning CS8618: Non-nullable property 'Email' must contain a non-null value when exiting constructor. Consider adding the 'required' modifier or declaring the property as nullable. [D:\ASS TRANG WEB\ShoesStore\ShoesStore.csproj]
D:\ASS TRANG WEB\ShoesStore\ViewModels\PhieuMuaViewModel.cs(16,23): warning CS8618: Non-nullable property 'Diachi' must contain a non-null value when exiting constructor. Consider adding the 'required' modifier or declaring the property as nullable. [D:\ASS TRANG WEB\ShoesStore\ShoesStore.csproj]
D:\ASS TRANG WEB\ShoesStore\ViewModels\PhieuMuaViewModel.cs(20,31): warning CS8618: Non-nullable property 'sodiachis' must contain a non-null value when exiting constructor. Consider adding the 'required' modifier or declaring the property as nullable. [D:\ASS TRANG WEB\ShoesStore\ShoesStore.csproj]
D:\ASS TRANG WEB\ShoesStore\ViewModels\PhieuMuaViewModel.cs(21,30): warning CS8618: Non-nullable property 'voucherList' must contain a non-null value when exiting constructor. Consider adding the 'required' modifier or declaring the property as nullable. [D:\ASS TRANG WEB\ShoesStore\ShoesStore.csproj]
D:\ASS TRANG WEB\ShoesStore\ViewModels\PhieuMuaViewModel.cs(22,37): warning CS8618: Non-nullable property 'selectPhuong' must contain a non-null value when exiting constructor. Consider adding the 'required' modifier or declaring the property as nullable. [D:\ASS TRANG WEB\ShoesStore\ShoesStore.csproj]
D:\ASS TRANG WEB\ShoesStore\ViewModels\PhieuMuaViewModel.cs(23,37): warning CS8618: Non-nullable property 'selectQuan' must contain a non-null value when exiting constructor. Consider adding the 'required' modifier or declaring the property as nullable. [D:\ASS TRANG WEB\ShoesStore\ShoesStore.csproj]
D:\ASS TRANG WEB\ShoesStore\ViewModels\PhieuMuaViewModel.cs(24,24): warning CS8618: Non-nullable property 'Choosenvoucher' must contain a non-null value when exiting constructor. Consider adding the 'required' modifier or declaring the property as nullable. [D:\ASS TRANG WEB\ShoesStore\ShoesStore.csproj]
D:\ASS TRANG WEB\ShoesStore\ViewModels\FavouriteProductsItem.cs(9,17): warning CS8618: Non-nullable property 'Tensp' must contain a non-null value when exiting constructor. Consider adding the 'required' modifier or declaring the property as nullable. [D:\ASS TRANG WEB\ShoesStore\ShoesStore.csproj]
D:\ASS TRANG WEB\ShoesStore\ViewModels\FavouriteProductsItem.cs(10,17): warning CS8618: Non-nullable property 'Hinhanh' must contain a non-null value when exiting constructor. Consider adding the 'required' modifier or declaring the property as nullable. [D:\ASS TRANG WEB\ShoesStore\ShoesStore.csproj]
D:\ASS TRANG WEB\ShoesStore\ViewModels\DongsanphamViewModel.cs(8,22): warning CS8618: Non-nullable property 'dongsp' must contain a non-null value when exiting constructor. Consider adding the 'required' modifier or declaring the property as nullable. [D:\ASS TRANG WEB\ShoesStore\ShoesStore.csproj]
D:\ASS TRANG WEB\ShoesStore\ViewModels\CommentViewModel.cs(8,30): warning CS8618: Non-nullable property 'blPage' must contain a non-null value when exiting constructor. Consider adding the 'required' modifier or declaring the property as nullable. [D:\ASS TRANG WEB\ShoesStore\ShoesStore.csproj]
D:\ASS TRANG WEB\ShoesStore\ViewModels\AddressNoteBookViewModel.cs(7,23): warning CS8618: Non-nullable property 'HoTen' must contain a non-null value when exiting constructor. Consider adding the 'required' modifier or declaring the property as nullable. [D:\ASS TRANG WEB\ShoesStore\ShoesStore.csproj]
D:\ASS TRANG WEB\ShoesStore\ViewModels\AddressNoteBookViewModel.cs(8,23): warning CS8618: Non-nullable property 'Sdt' must contain a non-null value when exiting constructor. Consider adding the 'required' modifier or declaring the property as nullable. [D:\ASS TRANG WEB\ShoesStore\ShoesStore.csproj]
D:\ASS TRANG WEB\ShoesStore\ViewModels\AddressNoteBookViewModel.cs(9,27): warning CS8618: Non-nullable property 'tinhList' must contain a non-null value when exiting constructor. Consider adding the 'required' modifier or declaring the property as nullable. [D:\ASS TRANG WEB\ShoesStore\ShoesStore.csproj]
D:\ASS TRANG WEB\ShoesStore\ViewModels\AddressNoteBookViewModel.cs(10,27): warning CS8618: Non-nullable property 'quanList' must contain a non-null value when exiting constructor. Consider adding the 'required' modifier or declaring the property as nullable. [D:\ASS TRANG WEB\ShoesStore\ShoesStore.csproj]
D:\ASS TRANG WEB\ShoesStore\ViewModels\AddressNoteBookViewModel.cs(11,29): warning CS8618: Non-nullable property 'phuongList' must contain a non-null value when exiting constructor. Consider adding the 'required' modifier or declaring the property as nullable. [D:\ASS TRANG WEB\ShoesStore\ShoesStore.csproj]
D:\ASS TRANG WEB\ShoesStore\ViewComponents\UserProfileViewComponent.cs(22,25): warning CS8602: Dereference of a possibly null reference. [D:\ASS TRANG WEB\ShoesStore\ShoesStore.csproj]
D:\ASS TRANG WEB\ShoesStore\Controllers\ShoppingCartController.cs(61,30): warning CS8601: Possible null reference assignment. [D:\ASS TRANG WEB\ShoesStore\ShoesStore.csproj]
D:\ASS TRANG WEB\ShoesStore\Controllers\SanPhamController.cs(55,18): warning CS8602: Dereference of a possibly null reference. [D:\ASS TRANG WEB\ShoesStore\ShoesStore.csproj]
D:\ASS TRANG WEB\ShoesStore\Controllers\SanPhamController.cs(91,32): warning CS8600: Converting null literal or possible null value to non-nullable type. [D:\ASS TRANG WEB\ShoesStore\ShoesStore.csproj]
D:\ASS TRANG WEB\ShoesStore\Controllers\SanPhamController.cs(92,44): warning CS8604: Possible null reference argument for parameter 'emailkh' in 'Khachhang IKhachhang.GetCurrentKh(string emailkh)'. [D:\ASS TRANG WEB\ShoesStore\ShoesStore.csproj]
D:\ASS TRANG WEB\ShoesStore\Controllers\PhieuMuaController.cs(81,34): warning CS8625: Cannot convert null literal to non-nullable reference type. [D:\ASS TRANG WEB\ShoesStore\ShoesStore.csproj]
D:\ASS TRANG WEB\ShoesStore\Views\Shared\_Layout.cshtml(91,13): warning CS8602: Dereference of a possibly null reference. [D:\ASS TRANG WEB\ShoesStore\ShoesStore.csproj]
D:\ASS TRANG WEB\ShoesStore\Views\Shared\_Layout.cshtml(62,25): warning CS0252: Possible unintended reference comparison; to get a value comparison, cast the left hand side to type 'string' [D:\ASS TRANG WEB\ShoesStore\ShoesStore.csproj]
D:\ASS TRANG WEB\ShoesStore\Controllers\PhieuMuaController.cs(95,30): warning CS8600: Converting null literal or possible null value to non-nullable type. [D:\ASS TRANG WEB\ShoesStore\ShoesStore.csproj]
D:\ASS TRANG WEB\ShoesStore\Controllers\PhieuMuaController.cs(98,48): warning CS8604: Possible null reference argument for parameter 'emailkh' in 'Khachhang IKhachhang.GetCurrentKh(string emailkh)'. [D:\ASS TRANG WEB\ShoesStore\ShoesStore.csproj]
D:\ASS TRANG WEB\ShoesStore\Controllers\PhieuMuaController.cs(124,21): warning CS8602: Dereference of a possibly null reference. [D:\ASS TRANG WEB\ShoesStore\ShoesStore.csproj]
D:\ASS TRANG WEB\ShoesStore\Controllers\PhieuMuaController.cs(168,34): warning CS8601: Possible null reference assignment. [D:\ASS TRANG WEB\ShoesStore\ShoesStore.csproj]
D:\ASS TRANG WEB\ShoesStore\Controllers\PhieuMuaController.cs(190,30): warning CS8600: Converting null literal or possible null value to non-nullable type. [D:\ASS TRANG WEB\ShoesStore\ShoesStore.csproj]
D:\ASS TRANG WEB\ShoesStore\Controllers\PhieuMuaController.cs(191,48): warning CS8604: Possible null reference argument for parameter 'emailkh' in 'Khachhang IKhachhang.GetCurrentKh(string emailkh)'. [D:\ASS TRANG WEB\ShoesStore\ShoesStore.csproj]
D:\ASS TRANG WEB\ShoesStore\Controllers\PhieuMuaController.cs(403,17): warning CS0472: The result of the expression is always 'false' since a value of type 'int' is never equal to 'null' of type 'int?' [D:\ASS TRANG WEB\ShoesStore\ShoesStore.csproj]
D:\ASS TRANG WEB\ShoesStore\Controllers\KhuyenMaiController.cs(90,18): warning CS8602: Dereference of a possibly null reference. [D:\ASS TRANG WEB\ShoesStore\ShoesStore.csproj]
D:\ASS TRANG WEB\ShoesStore\Views\ShoppingCart\PartialCartList.cshtml(65,30): warning CS0472: The result of the expression is always 'true' since a value of type 'int' is never equal to 'null' of type 'int?' [D:\ASS TRANG WEB\ShoesStore\ShoesStore.csproj]
D:\ASS TRANG WEB\ShoesStore\Controllers\AccountController.cs(42,35): warning CS8600: Converting null literal or possible null value to non-nullable type. [D:\ASS TRANG WEB\ShoesStore\ShoesStore.csproj]
D:\ASS TRANG WEB\ShoesStore\Models\Session\SessionExtensions.cs(15,20): warning CS8603: Possible null reference return. [D:\ASS TRANG WEB\ShoesStore\ShoesStore.csproj]
D:\ASS TRANG WEB\ShoesStore\Controllers\AccountController.cs(124,40): warning CS8602: Dereference of a possibly null reference. [D:\ASS TRANG WEB\ShoesStore\ShoesStore.csproj]
D:\ASS TRANG WEB\ShoesStore\Controllers\AccountController.cs(164,32): warning CS8600: Converting null literal or possible null value to non-nullable type. [D:\ASS TRANG WEB\ShoesStore\ShoesStore.csproj]
D:\ASS TRANG WEB\ShoesStore\Models\Mailling\EmailEntity.cs(7,23): warning CS8618: Non-nullable property 'FromEmailAddress' must contain a non-null value when exiting constructor. Consider adding the 'required' modifier or declaring the property as nullable. [D:\ASS TRANG WEB\ShoesStore\ShoesStore.csproj]
D:\ASS TRANG WEB\ShoesStore\Models\Mailling\EmailEntity.cs(8,23): warning CS8618: Non-nullable property 'ToEmailAddress' must contain a non-null value when exiting constructor. Consider adding the 'required' modifier or declaring the property as nullable. [D:\ASS TRANG WEB\ShoesStore\ShoesStore.csproj]
D:\ASS TRANG WEB\ShoesStore\Models\Mailling\EmailEntity.cs(9,23): warning CS8618: Non-nullable property 'Subject' must contain a non-null value when exiting constructor. Consider adding the 'required' modifier or declaring the property as nullable. [D:\ASS TRANG WEB\ShoesStore\ShoesStore.csproj]
D:\ASS TRANG WEB\ShoesStore\Models\Mailling\EmailEntity.cs(10,23): warning CS8618: Non-nullable property 'EmailBodyMessage' must contain a non-null value when exiting constructor. Consider adding the 'required' modifier or declaring the property as nullable. [D:\ASS TRANG WEB\ShoesStore\ShoesStore.csproj]
D:\ASS TRANG WEB\ShoesStore\Models\Mailling\EmailEntity.cs(13,23): warning CS8618: Non-nullable property 'AttachMentUrl' must contain a non-null value when exiting constructor. Consider adding the 'required' modifier or declaring the property as nullable. [D:\ASS TRANG WEB\ShoesStore\ShoesStore.csproj]
D:\ASS TRANG WEB\ShoesStore\Models\LoginRequest.cs(5,23): warning CS8618: Non-nullable property 'Username' must contain a non-null value when exiting constructor. Consider adding the 'required' modifier or declaring the property as nullable. [D:\ASS TRANG WEB\ShoesStore\ShoesStore.csproj]
D:\ASS TRANG WEB\ShoesStore\Models\LoginRequest.cs(6,23): warning CS8618: Non-nullable property 'Password' must contain a non-null value when exiting constructor. Consider adding the 'required' modifier or declaring the property as nullable. [D:\ASS TRANG WEB\ShoesStore\ShoesStore.csproj]
D:\ASS TRANG WEB\ShoesStore\Views\Shared\_PartialSanPhamTheoLoai.cshtml(28,10): warning CS0472: The result of the expression is always 'true' since a value of type 'int' is never equal to 'null' of type 'int?' [D:\ASS TRANG WEB\ShoesStore\ShoesStore.csproj]
D:\ASS TRANG WEB\ShoesStore\Areas\Admin\ViewModels\SanPhamViewModel.cs(10,23): warning CS8618: Non-nullable property 'DongsanphamName' must contain a non-null value when exiting constructor. Consider adding the 'required' modifier or declaring the property as nullable. [D:\ASS TRANG WEB\ShoesStore\ShoesStore.csproj]
D:\ASS TRANG WEB\ShoesStore\Areas\Admin\ViewModels\SanPhamViewModel.cs(11,23): warning CS8618: Non-nullable property 'TypeName' must contain a non-null value when exiting constructor. Consider adding the 'required' modifier or declaring the property as nullable. [D:\ASS TRANG WEB\ShoesStore\ShoesStore.csproj]
D:\ASS TRANG WEB\ShoesStore\Areas\Admin\ViewModels\SanPhamViewModel.cs(28,23): warning CS8618: Non-nullable property 'IdMau' must contain a non-null value when exiting constructor. Consider adding the 'required' modifier or declaring the property as nullable. [D:\ASS TRANG WEB\ShoesStore\ShoesStore.csproj]
D:\ASS TRANG WEB\ShoesStore\Areas\Admin\ViewModels\SanPhamViewModel.cs(29,29): warning CS8618: Non-nullable property 'tenSize' must contain a non-null value when exiting constructor. Consider adding the 'required' modifier or declaring the property as nullable. [D:\ASS TRANG WEB\ShoesStore\ShoesStore.csproj]
D:\ASS TRANG WEB\ShoesStore\Areas\Admin\ViewModels\SanPhamViewModel.cs(30,26): warning CS8618: Non-nullable property 'slton' must contain a non-null value when exiting constructor. Consider adding the 'required' modifier or declaring the property as nullable. [D:\ASS TRANG WEB\ShoesStore\ShoesStore.csproj]
D:\ASS TRANG WEB\ShoesStore\Areas\Admin\ViewModels\SanPhamViewModel.cs(35,26): warning CS8618: Non-nullable property 'AvatarImage' must contain a non-null value when exiting constructor. Consider adding the 'required' modifier or declaring the property as nullable. [D:\ASS TRANG WEB\ShoesStore\ShoesStore.csproj]
D:\ASS TRANG WEB\ShoesStore\Areas\Admin\ViewModels\SanPhamViewModel.cs(40,26): warning CS8618: Non-nullable property 'TopImage' must contain a non-null value when exiting constructor. Consider adding the 'required' modifier or declaring the property as nullable. [D:\ASS TRANG WEB\ShoesStore\ShoesStore.csproj]
D:\ASS TRANG WEB\ShoesStore\Areas\Admin\ViewModels\SanPhamViewModel.cs(45,26): warning CS8618: Non-nullable property 'BottomImage' must contain a non-null value when exiting constructor. Consider adding the 'required' modifier or declaring the property as nullable. [D:\ASS TRANG WEB\ShoesStore\ShoesStore.csproj]
D:\ASS TRANG WEB\ShoesStore\Areas\Admin\ViewModels\SanPhamViewModel.cs(46,26): warning CS8618: Non-nullable property 'VideoFile' must contain a non-null value when exiting constructor. Consider adding the 'required' modifier or declaring the property as nullable. [D:\ASS TRANG WEB\ShoesStore\ShoesStore.csproj]
D:\ASS TRANG WEB\ShoesStore\Areas\Admin\ViewModels\SaleByProductViewModel.cs(5,23): warning CS8618: Non-nullable property 'ProductName' must contain a non-null value when exiting constructor. Consider adding the 'required' modifier or declaring the property as nullable. [D:\ASS TRANG WEB\ShoesStore\ShoesStore.csproj]
D:\ASS TRANG WEB\ShoesStore\Areas\Admin\ViewModels\ReportViewModel.cs(5,44): warning CS8618: Non-nullable property 'saleByMonths' must contain a non-null value when exiting constructor. Consider adding the 'required' modifier or declaring the property as nullable. [D:\ASS TRANG WEB\ShoesStore\ShoesStore.csproj]
D:\ASS TRANG WEB\ShoesStore\Areas\Admin\ViewModels\ReportViewModel.cs(6,45): warning CS8618: Non-nullable property 'saleByProducts' must contain a non-null value when exiting constructor. Consider adding the 'required' modifier or declaring the property as nullable. [D:\ASS TRANG WEB\ShoesStore\ShoesStore.csproj]
D:\ASS TRANG WEB\ShoesStore\Areas\Admin\ViewModels\PhieuMuaDetailViewModel.cs(13,25): warning CS8618: Non-nullable property 'Phieumua' must contain a non-null value when exiting constructor. Consider adding the 'required' modifier or declaring the property as nullable. [D:\ASS TRANG WEB\ShoesStore\ShoesStore.csproj]
D:\ASS TRANG WEB\ShoesStore\Areas\Admin\ViewModels\PhieuMuaDetailViewModel.cs(14,38): warning CS8618: Non-nullable property 'Chitietphieumuas' must contain a non-null value when exiting constructor. Consider adding the 'required' modifier or declaring the property as nullable. [D:\ASS TRANG WEB\ShoesStore\ShoesStore.csproj]
D:\ASS TRANG WEB\ShoesStore\Areas\Admin\ViewModels\KhuyenMaiViewModel.cs(14,26): warning CS8618: Non-nullable property 'SelectedDongsanphams' must contain a non-null value when exiting constructor. Consider adding the 'required' modifier or declaring the property as nullable. [D:\ASS TRANG WEB\ShoesStore\ShoesStore.csproj]
D:\ASS TRANG WEB\ShoesStore\Areas\Admin\ViewModels\KhuyenMaiViewModel.cs(15,44): warning CS8618: Non-nullable property 'AvailableDongsanphams' must contain a non-null value when exiting constructor. Consider adding the 'required' modifier or declaring the property as nullable. [D:\ASS TRANG WEB\ShoesStore\ShoesStore.csproj]
D:\ASS TRANG WEB\ShoesStore\Areas\Admin\ViewModels\BlogViewModel.cs(15,26): warning CS8618: Non-nullable property 'BlogImage' must contain a non-null value when exiting constructor. Consider adding the 'required' modifier or declaring the property as nullable. [D:\ASS TRANG WEB\ShoesStore\ShoesStore.csproj]
D:\ASS TRANG WEB\ShoesStore\Areas\Admin\ViewModels\BannerViewModel.cs(11,26): warning CS8618: Non-nullable property 'FrontImage' must contain a non-null value when exiting constructor. Consider adding the 'required' modifier or declaring the property as nullable. [D:\ASS TRANG WEB\ShoesStore\ShoesStore.csproj]
D:\ASS TRANG WEB\ShoesStore\Areas\Admin\ViewModels\BannerViewModel.cs(17,23): warning CS8618: Non-nullable property 'Slogan' must contain a non-null value when exiting constructor. Consider adding the 'required' modifier or declaring the property as nullable. [D:\ASS TRANG WEB\ShoesStore\ShoesStore.csproj]
D:\ASS TRANG WEB\ShoesStore\Repositories\VoucherRepo.cs(23,20): warning CS8603: Possible null reference return. [D:\ASS TRANG WEB\ShoesStore\ShoesStore.csproj]
D:\ASS TRANG WEB\ShoesStore\Repositories\SizeRepo.cs(17,23): warning CS8600: Converting null literal or possible null value to non-nullable type. [D:\ASS TRANG WEB\ShoesStore\ShoesStore.csproj]
D:\ASS TRANG WEB\ShoesStore\Repositories\SizeRepo.cs(18,20): warning CS8603: Possible null reference return. [D:\ASS TRANG WEB\ShoesStore\ShoesStore.csproj]
D:\ASS TRANG WEB\ShoesStore\Repositories\SizeRepo.cs(23,23): warning CS8600: Converting null literal or possible null value to non-nullable type. [D:\ASS TRANG WEB\ShoesStore\ShoesStore.csproj]
D:\ASS TRANG WEB\ShoesStore\Repositories\SizeRepo.cs(24,20): warning CS8603: Possible null reference return. [D:\ASS TRANG WEB\ShoesStore\ShoesStore.csproj]
D:\ASS TRANG WEB\ShoesStore\Areas\Admin\Repositories\VoucherAdminRepo.cs(24,11): warning CS8603: Possible null reference return. [D:\ASS TRANG WEB\ShoesStore\ShoesStore.csproj]
D:\ASS TRANG WEB\ShoesStore\Repositories\SanphamSizeRepo.cs(18,25): warning CS8600: Converting null literal or possible null value to non-nullable type. [D:\ASS TRANG WEB\ShoesStore\ShoesStore.csproj]
D:\ASS TRANG WEB\ShoesStore\Repositories\SanphamSizeRepo.cs(19,11): warning CS8603: Possible null reference return. [D:\ASS TRANG WEB\ShoesStore\ShoesStore.csproj]
D:\ASS TRANG WEB\ShoesStore\Repositories\SanphamSizeRepo.cs(24,17): warning CS8602: Dereference of a possibly null reference. [D:\ASS TRANG WEB\ShoesStore\ShoesStore.csproj]
D:\ASS TRANG WEB\ShoesStore\Repositories\SanphamSizeRepo.cs(25,19): warning CS8602: Dereference of a possibly null reference. [D:\ASS TRANG WEB\ShoesStore\ShoesStore.csproj]
D:\ASS TRANG WEB\ShoesStore\Areas\Admin\Repositories\SpSizeAdminRepo.cs(32,32): warning CS8604: Possible null reference argument for parameter 'item' in 'void List<Sanphamsize>.Add(Sanphamsize item)'. [D:\ASS TRANG WEB\ShoesStore\ShoesStore.csproj]
D:\ASS TRANG WEB\ShoesStore\Areas\Admin\Repositories\SizeAdminRepo.cs(33,20): warning CS8603: Possible null reference return. [D:\ASS TRANG WEB\ShoesStore\ShoesStore.csproj]
D:\ASS TRANG WEB\ShoesStore\Areas\Admin\Repositories\SizeAdminRepo.cs(80,25): warning CS8600: Converting null literal or possible null value to non-nullable type. [D:\ASS TRANG WEB\ShoesStore\ShoesStore.csproj]
D:\ASS TRANG WEB\ShoesStore\Areas\Admin\Repositories\SanPhamAdminRepo.cs(23,23): warning CS8601: Possible null reference assignment. [D:\ASS TRANG WEB\ShoesStore\ShoesStore.csproj]
D:\ASS TRANG WEB\ShoesStore\Areas\Admin\Repositories\SanPhamAdminRepo.cs(24,31): warning CS8601: Possible null reference assignment. [D:\ASS TRANG WEB\ShoesStore\ShoesStore.csproj]
D:\ASS TRANG WEB\ShoesStore\Areas\Admin\Repositories\SanPhamAdminRepo.cs(38,19): warning CS8600: Converting null literal or possible null value to non-nullable type. [D:\ASS TRANG WEB\ShoesStore\ShoesStore.csproj]
D:\ASS TRANG WEB\ShoesStore\Areas\Admin\Repositories\SanPhamAdminRepo.cs(39,4): warning CS8602: Dereference of a possibly null reference. [D:\ASS TRANG WEB\ShoesStore\ShoesStore.csproj]
D:\ASS TRANG WEB\ShoesStore\Areas\Admin\Repositories\SanPhamAdminRepo.cs(39,27): warning CS8601: Possible null reference assignment. [D:\ASS TRANG WEB\ShoesStore\ShoesStore.csproj]
D:\ASS TRANG WEB\ShoesStore\Areas\Admin\Repositories\SanPhamAdminRepo.cs(41,35): warning CS8601: Possible null reference assignment. [D:\ASS TRANG WEB\ShoesStore\ShoesStore.csproj]
D:\ASS TRANG WEB\ShoesStore\Areas\Admin\Repositories\SanPhamAdminRepo.cs(47,19): warning CS8600: Converting null literal or possible null value to non-nullable type. [D:\ASS TRANG WEB\ShoesStore\ShoesStore.csproj]
D:\ASS TRANG WEB\ShoesStore\Areas\Admin\Repositories\SanPhamAdminRepo.cs(48,28): warning CS8604: Possible null reference argument for parameter 'entity' in 'EntityEntry<Sanpham> DbSet<Sanpham>.Remove(Sanpham entity)'. [D:\ASS TRANG WEB\ShoesStore\ShoesStore.csproj]
D:\ASS TRANG WEB\ShoesStore\Areas\Admin\Repositories\PhieuMuaAdminRepo.cs(18,33): warning CS8600: Converting null literal or possible null value to non-nullable type. [D:\ASS TRANG WEB\ShoesStore\ShoesStore.csproj]
D:\ASS TRANG WEB\ShoesStore\Areas\Admin\Repositories\PhieuMuaAdminRepo.cs(23,20): warning CS8603: Possible null reference return. [D:\ASS TRANG WEB\ShoesStore\ShoesStore.csproj]
D:\ASS TRANG WEB\ShoesStore\Repositories\SanphamSizeRepo.cs(35,16): warning CS8604: Possible null reference argument for parameter 'item' in 'void List<Sanphamsize>.Add(Sanphamsize item)'. [D:\ASS TRANG WEB\ShoesStore\ShoesStore.csproj]
D:\ASS TRANG WEB\ShoesStore\Repositories\SanphamRepo.cs(20,17): warning CS8600: Converting null literal or possible null value to non-nullable type. [D:\ASS TRANG WEB\ShoesStore\ShoesStore.csproj]
D:\ASS TRANG WEB\ShoesStore\Repositories\SanphamRepo.cs(21,11): warning CS8603: Possible null reference return. [D:\ASS TRANG WEB\ShoesStore\ShoesStore.csproj]
D:\ASS TRANG WEB\ShoesStore\Repositories\SanphamRepo.cs(27,25): warning CS8600: Converting null literal or possible null value to non-nullable type. [D:\ASS TRANG WEB\ShoesStore\ShoesStore.csproj]
D:\ASS TRANG WEB\ShoesStore\Repositories\SanphamRepo.cs(29,31): warning CS8600: Converting null literal or possible null value to non-nullable type. [D:\ASS TRANG WEB\ShoesStore\ShoesStore.csproj]
D:\ASS TRANG WEB\ShoesStore\Repositories\SanphamRepo.cs(33,4): warning CS8602: Dereference of a possibly null reference. [D:\ASS TRANG WEB\ShoesStore\ShoesStore.csproj]
D:\ASS TRANG WEB\ShoesStore\Repositories\SanphamRepo.cs(33,21): warning CS8604: Possible null reference argument for parameter 'item' in 'void ICollection<Khuyenmai>.Add(Khuyenmai item)'. [D:\ASS TRANG WEB\ShoesStore\ShoesStore.csproj]
D:\ASS TRANG WEB\ShoesStore\Repositories\SanphamRepo.cs(38,22): warning CS8600: Converting null literal or possible null value to non-nullable type. [D:\ASS TRANG WEB\ShoesStore\ShoesStore.csproj]
D:\ASS TRANG WEB\ShoesStore\Repositories\SanphamRepo.cs(40,4): warning CS8602: Dereference of a possibly null reference. [D:\ASS TRANG WEB\ShoesStore\ShoesStore.csproj]
D:\ASS TRANG WEB\ShoesStore\Repositories\SanphamRepo.cs(40,30): warning CS8601: Possible null reference assignment. [D:\ASS TRANG WEB\ShoesStore\ShoesStore.csproj]
D:\ASS TRANG WEB\ShoesStore\Views\Shared\Components\ShowComment\Default.cshtml(114,8): warning CS8602: Dereference of a possibly null reference. [D:\ASS TRANG WEB\ShoesStore\ShoesStore.csproj]
D:\ASS TRANG WEB\ShoesStore\Repositories\SanphamRepo.cs(100,17): warning CS8600: Converting null literal or possible null value to non-nullable type. [D:\ASS TRANG WEB\ShoesStore\ShoesStore.csproj]
D:\ASS TRANG WEB\ShoesStore\Repositories\SanphamRepo.cs(101,83): warning CS8602: Dereference of a possibly null reference. [D:\ASS TRANG WEB\ShoesStore\ShoesStore.csproj]
D:\ASS TRANG WEB\ShoesStore\Repositories\SanphamRepo.cs(101,22): warning CS8600: Converting null literal or possible null value to non-nullable type. [D:\ASS TRANG WEB\ShoesStore\ShoesStore.csproj]
D:\ASS TRANG WEB\ShoesStore\Repositories\SanphamRepo.cs(103,89): warning CS8604: Possible null reference argument for parameter 'item' in 'bool ICollection<Dongsanpham>.Contains(Dongsanpham item)'. [D:\ASS TRANG WEB\ShoesStore\ShoesStore.csproj]
D:\ASS TRANG WEB\ShoesStore\Repositories\SanphamRepo.cs(107,16): warning CS8602: Dereference of a possibly null reference. [D:\ASS TRANG WEB\ShoesStore\ShoesStore.csproj]
D:\ASS TRANG WEB\ShoesStore\Repositories\SanphamRepo.cs(109,15): warning CS8602: Dereference of a possibly null reference. [D:\ASS TRANG WEB\ShoesStore\ShoesStore.csproj]
D:\ASS TRANG WEB\ShoesStore\Repositories\PhieuMuaRepo.cs(30,30): warning CS8602: Dereference of a possibly null reference. [D:\ASS TRANG WEB\ShoesStore\ShoesStore.csproj]
D:\ASS TRANG WEB\ShoesStore\Repositories\PhieuMuaRepo.cs(31,30): warning CS8602: Dereference of a possibly null reference. [D:\ASS TRANG WEB\ShoesStore\ShoesStore.csproj]
D:\ASS TRANG WEB\ShoesStore\Repositories\PhieuMuaRepo.cs(32,32): warning CS8602: Dereference of a possibly null reference. [D:\ASS TRANG WEB\ShoesStore\ShoesStore.csproj]
D:\ASS TRANG WEB\ShoesStore\Repositories\PhieuMuaRepo.cs(36,32): warning CS8600: Converting null literal or possible null value to non-nullable type. [D:\ASS TRANG WEB\ShoesStore\ShoesStore.csproj]
D:\ASS TRANG WEB\ShoesStore\Repositories\PhieuMuaRepo.cs(37,17): warning CS8602: Dereference of a possibly null reference. [D:\ASS TRANG WEB\ShoesStore\ShoesStore.csproj]
D:\ASS TRANG WEB\ShoesStore\Repositories\PhieuMuaRepo.cs(44,30): warning CS8600: Converting null literal or possible null value to non-nullable type. [D:\ASS TRANG WEB\ShoesStore\ShoesStore.csproj]
D:\ASS TRANG WEB\ShoesStore\Repositories\PhieuMuaRepo.cs(45,17): warning CS8602: Dereference of a possibly null reference. [D:\ASS TRANG WEB\ShoesStore\ShoesStore.csproj]
D:\ASS TRANG WEB\ShoesStore\Repositories\PhieuMuaRepo.cs(58,36): warning CS8601: Possible null reference assignment. [D:\ASS TRANG WEB\ShoesStore\ShoesStore.csproj]
D:\ASS TRANG WEB\ShoesStore\Repositories\PhieuMuaRepo.cs(107,20): warning CS8603: Possible null reference return. [D:\ASS TRANG WEB\ShoesStore\ShoesStore.csproj]
D:\ASS TRANG WEB\ShoesStore\Repositories\MauRepo.cs(16,12): warning CS8600: Converting null literal or possible null value to non-nullable type. [D:\ASS TRANG WEB\ShoesStore\ShoesStore.csproj]
D:\ASS TRANG WEB\ShoesStore\Repositories\MauRepo.cs(17,11): warning CS8603: Possible null reference return. [D:\ASS TRANG WEB\ShoesStore\ShoesStore.csproj]
D:\ASS TRANG WEB\ShoesStore\Repositories\KhuyenMaiRepo.cs(20,19): warning CS8600: Converting null literal or possible null value to non-nullable type. [D:\ASS TRANG WEB\ShoesStore\ShoesStore.csproj]
D:\ASS TRANG WEB\ShoesStore\Repositories\KhuyenMaiRepo.cs(22,11): warning CS8602: Dereference of a possibly null reference. [D:\ASS TRANG WEB\ShoesStore\ShoesStore.csproj]
D:\ASS TRANG WEB\ShoesStore\Areas\Admin\Repositories\PhieuMuaAdminRepo.cs(76,16): warning CS8602: Dereference of a possibly null reference. [D:\ASS TRANG WEB\ShoesStore\ShoesStore.csproj]
D:\ASS TRANG WEB\ShoesStore\Areas\Admin\Repositories\PhieuMuaAdminRepo.cs(80,36): warning CS8600: Converting null literal or possible null value to non-nullable type. [D:\ASS TRANG WEB\ShoesStore\ShoesStore.csproj]
D:\ASS TRANG WEB\ShoesStore\Areas\Admin\Repositories\PhieuMuaAdminRepo.cs(86,25): warning CS8602: Dereference of a possibly null reference. [D:\ASS TRANG WEB\ShoesStore\ShoesStore.csproj]
D:\ASS TRANG WEB\ShoesStore\Areas\Admin\Repositories\PhieuMuaAdminRepo.cs(90,25): warning CS8602: Dereference of a possibly null reference. [D:\ASS TRANG WEB\ShoesStore\ShoesStore.csproj]
D:\ASS TRANG WEB\ShoesStore\Areas\Admin\Repositories\PhieuMuaAdminRepo.cs(92,48): warning CS8604: Possible null reference argument for parameter 'entity' in 'EntityEntry<Khachhang> DbSet<Khachhang>.Update(Khachhang entity)'. [D:\ASS TRANG WEB\ShoesStore\ShoesStore.csproj]
D:\ASS TRANG WEB\ShoesStore\Areas\Admin\Repositories\MauAdminRepo.cs(19,20): warning CS8603: Possible null reference return. [D:\ASS TRANG WEB\ShoesStore\ShoesStore.csproj]
D:\ASS TRANG WEB\ShoesStore\Areas\Admin\Repositories\MauAdminRepo.cs(53,23): warning CS8600: Converting null literal or possible null value to non-nullable type. [D:\ASS TRANG WEB\ShoesStore\ShoesStore.csproj]
D:\ASS TRANG WEB\ShoesStore\Repositories\KhuyenMaiRepo.cs(46,26): warning CS8601: Possible null reference assignment. [D:\ASS TRANG WEB\ShoesStore\ShoesStore.csproj]
D:\ASS TRANG WEB\ShoesStore\Areas\Admin\Repositories\MauAdminRepo.cs(64,20): warning CS8619: Nullability of reference types in value of type 'List<string?>' doesn't match target type 'List<string>'. [D:\ASS TRANG WEB\ShoesStore\ShoesStore.csproj]
D:\ASS TRANG WEB\ShoesStore\Repositories\KhuyenMaiRepo.cs(99,20): warning CS8600: Converting null literal or possible null value to non-nullable type. [D:\ASS TRANG WEB\ShoesStore\ShoesStore.csproj]
D:\ASS TRANG WEB\ShoesStore\Areas\Admin\Repositories\LoaiAdminRepo.cs(16,14): warning CS8600: Converting null literal or possible null value to non-nullable type. [D:\ASS TRANG WEB\ShoesStore\ShoesStore.csproj]
D:\ASS TRANG WEB\ShoesStore\Areas\Admin\Repositories\LoaiAdminRepo.cs(17,11): warning CS8603: Possible null reference return. [D:\ASS TRANG WEB\ShoesStore\ShoesStore.csproj]
D:\ASS TRANG WEB\ShoesStore\Repositories\KhachhangRepo.cs(17,28): warning CS8600: Converting null literal or possible null value to non-nullable type. [D:\ASS TRANG WEB\ShoesStore\ShoesStore.csproj]
D:\ASS TRANG WEB\ShoesStore\Repositories\KhachhangRepo.cs(18,20): warning CS8603: Possible null reference return. [D:\ASS TRANG WEB\ShoesStore\ShoesStore.csproj]
D:\ASS TRANG WEB\ShoesStore\Areas\Admin\Repositories\LoaiAdminRepo.cs(51,16): warning CS8600: Converting null literal or possible null value to non-nullable type. [D:\ASS TRANG WEB\ShoesStore\ShoesStore.csproj]
D:\ASS TRANG WEB\ShoesStore\Repositories\DongSanphamRepo.cs(20,34): warning CS8600: Converting null literal or possible null value to non-nullable type. [D:\ASS TRANG WEB\ShoesStore\ShoesStore.csproj]
D:\ASS TRANG WEB\ShoesStore\Repositories\DongSanphamRepo.cs(21,20): warning CS8603: Possible null reference return. [D:\ASS TRANG WEB\ShoesStore\ShoesStore.csproj]
D:\ASS TRANG WEB\ShoesStore\Areas\Admin\Repositories\KhuyenMaiAdminRepo.cs(18,28): warning CS8600: Converting null literal or possible null value to non-nullable type. [D:\ASS TRANG WEB\ShoesStore\ShoesStore.csproj]
D:\ASS TRANG WEB\ShoesStore\Areas\Admin\Repositories\KhuyenMaiAdminRepo.cs(19,20): warning CS8603: Possible null reference return. [D:\ASS TRANG WEB\ShoesStore\ShoesStore.csproj]
D:\ASS TRANG WEB\ShoesStore\Areas\Admin\Repositories\KhuyenMaiAdminRepo.cs(44,28): warning CS8600: Converting null literal or possible null value to non-nullable type. [D:\ASS TRANG WEB\ShoesStore\ShoesStore.csproj]
D:\ASS TRANG WEB\ShoesStore\Areas\Admin\Repositories\DongsanphamAdminRepo.cs(16,31): warning CS8600: Converting null literal or possible null value to non-nullable type. [D:\ASS TRANG WEB\ShoesStore\ShoesStore.csproj]
D:\ASS TRANG WEB\ShoesStore\Areas\Admin\Repositories\DongsanphamAdminRepo.cs(17,20): warning CS8603: Possible null reference return. [D:\ASS TRANG WEB\ShoesStore\ShoesStore.csproj]
D:\ASS TRANG WEB\ShoesStore\Areas\Admin\Repositories\DongsanphamAdminRepo.cs(31,36): warning CS8601: Possible null reference assignment. [D:\ASS TRANG WEB\ShoesStore\ShoesStore.csproj]
D:\ASS TRANG WEB\ShoesStore\Areas\Admin\Repositories\DongsanphamAdminRepo.cs(60,39): warning CS8600: Converting null literal or possible null value to non-nullable type. [D:\ASS TRANG WEB\ShoesStore\ShoesStore.csproj]
D:\ASS TRANG WEB\ShoesStore\Areas\Admin\Repositories\BlogAdminRepo.cs(66,20): warning CS8603: Possible null reference return. [D:\ASS TRANG WEB\ShoesStore\ShoesStore.csproj]
D:\ASS TRANG WEB\ShoesStore\Areas\Admin\Repositories\BannerRepository.cs(45,20): warning CS8603: Possible null reference return. [D:\ASS TRANG WEB\ShoesStore\ShoesStore.csproj]
D:\ASS TRANG WEB\ShoesStore\Areas\Admin\Controllers\StaffAdminController.cs(81,4): warning CS8602: Dereference of a possibly null reference. [D:\ASS TRANG WEB\ShoesStore\ShoesStore.csproj]
D:\ASS TRANG WEB\ShoesStore\Areas\Admin\Controllers\StaffAdminController.cs(81,31): warning CS8601: Possible null reference assignment. [D:\ASS TRANG WEB\ShoesStore\ShoesStore.csproj]
D:\ASS TRANG WEB\ShoesStore\Repositories\DongSanphamRepo.cs(38,25): warning CS8601: Possible null reference assignment. [D:\ASS TRANG WEB\ShoesStore\ShoesStore.csproj]
D:\ASS TRANG WEB\ShoesStore\Repositories\DongSanphamRepo.cs(52,26): warning CS8601: Possible null reference assignment. [D:\ASS TRANG WEB\ShoesStore\ShoesStore.csproj]
D:\ASS TRANG WEB\ShoesStore\Areas\Admin\Controllers\SanPhamAdminController.cs(281,35): warning CS8604: Possible null reference argument for parameter 'videoPath' in 'void SanPhamAdminController.DeleteVideo(int madongsp, string videoPath)'. [D:\ASS TRANG WEB\ShoesStore\ShoesStore.csproj]
D:\ASS TRANG WEB\ShoesStore\Repositories\BinhLuanRepository.cs(30,17): warning CS8600: Converting null literal or possible null value to non-nullable type. [D:\ASS TRANG WEB\ShoesStore\ShoesStore.csproj]
D:\ASS TRANG WEB\ShoesStore\Repositories\BinhLuanRepository.cs(31,85): warning CS8602: Dereference of a possibly null reference. [D:\ASS TRANG WEB\ShoesStore\ShoesStore.csproj]
D:\ASS TRANG WEB\ShoesStore\Repositories\BinhLuanRepository.cs(31,24): warning CS8602: Dereference of a possibly null reference. [D:\ASS TRANG WEB\ShoesStore\ShoesStore.csproj]
D:\ASS TRANG WEB\ShoesStore\Repositories\AddressNoteBookRepo.cs(33,20): warning CS8602: Dereference of a possibly null reference. [D:\ASS TRANG WEB\ShoesStore\ShoesStore.csproj]
D:\ASS TRANG WEB\ShoesStore\Repositories\AddressNoteBookRepo.cs(37,20): warning CS8602: Dereference of a possibly null reference. [D:\ASS TRANG WEB\ShoesStore\ShoesStore.csproj]
D:\ASS TRANG WEB\ShoesStore\Areas\Admin\InterfaceRepositories\NhanvienAdminRepo.cs(16,24): warning CS8602: Dereference of a possibly null reference. [D:\ASS TRANG WEB\ShoesStore\ShoesStore.csproj]
D:\ASS TRANG WEB\ShoesStore\Repositories\AddressNoteBookRepo.cs(41,20): warning CS8602: Dereference of a possibly null reference. [D:\ASS TRANG WEB\ShoesStore\ShoesStore.csproj]
D:\ASS TRANG WEB\ShoesStore\Repositories\AddressNoteBookRepo.cs(45,29): warning CS8600: Converting null literal or possible null value to non-nullable type. [D:\ASS TRANG WEB\ShoesStore\ShoesStore.csproj]
D:\ASS TRANG WEB\ShoesStore\Repositories\AddressNoteBookRepo.cs(46,29): warning CS8600: Converting null literal or possible null value to non-nullable type. [D:\ASS TRANG WEB\ShoesStore\ShoesStore.csproj]
D:\ASS TRANG WEB\ShoesStore\Repositories\AddressNoteBookRepo.cs(47,27): warning CS8600: Converting null literal or possible null value to non-nullable type. [D:\ASS TRANG WEB\ShoesStore\ShoesStore.csproj]
D:\ASS TRANG WEB\ShoesStore\Repositories\AddressNoteBookRepo.cs(49,50): warning CS8602: Dereference of a possibly null reference. [D:\ASS TRANG WEB\ShoesStore\ShoesStore.csproj]
D:\ASS TRANG WEB\ShoesStore\Repositories\AddressNoteBookRepo.cs(49,74): warning CS8602: Dereference of a possibly null reference. [D:\ASS TRANG WEB\ShoesStore\ShoesStore.csproj]
D:\ASS TRANG WEB\ShoesStore\Repositories\AddressNoteBookRepo.cs(49,98): warning CS8602: Dereference of a possibly null reference. [D:\ASS TRANG WEB\ShoesStore\ShoesStore.csproj]
D:\ASS TRANG WEB\ShoesStore\Repositories\AddressNoteBookRepo.cs(66,20): warning CS8603: Possible null reference return. [D:\ASS TRANG WEB\ShoesStore\ShoesStore.csproj]
D:\ASS TRANG WEB\ShoesStore\Repositories\AddressNoteBookRepo.cs(71,28): warning CS8600: Converting null literal or possible null value to non-nullable type. [D:\ASS TRANG WEB\ShoesStore\ShoesStore.csproj]
D:\ASS TRANG WEB\ShoesStore\Repositories\AddressNoteBookRepo.cs(72,30): warning CS8602: Dereference of a possibly null reference. [D:\ASS TRANG WEB\ShoesStore\ShoesStore.csproj]
D:\ASS TRANG WEB\ShoesStore\Repositories\AddressNoteBookRepo.cs(73,30): warning CS8602: Dereference of a possibly null reference. [D:\ASS TRANG WEB\ShoesStore\ShoesStore.csproj]
D:\ASS TRANG WEB\ShoesStore\Repositories\AddressNoteBookRepo.cs(74,32): warning CS8602: Dereference of a possibly null reference. [D:\ASS TRANG WEB\ShoesStore\ShoesStore.csproj]
D:\ASS TRANG WEB\ShoesStore\Repositories\AddressNoteBookRepo.cs(77,13): warning CS8602: Dereference of a possibly null reference. [D:\ASS TRANG WEB\ShoesStore\ShoesStore.csproj]
D:\ASS TRANG WEB\ShoesStore\Repositories\AddressNoteBookRepo.cs(86,28): warning CS8600: Converting null literal or possible null value to non-nullable type. [D:\ASS TRANG WEB\ShoesStore\ShoesStore.csproj]
D:\ASS TRANG WEB\ShoesStore\Repositories\AddressNoteBookRepo.cs(87,38): warning CS8604: Possible null reference argument for parameter 'entity' in 'EntityEntry<Sodiachi> DbSet<Sodiachi>.Remove(Sodiachi entity)'. [D:\ASS TRANG WEB\ShoesStore\ShoesStore.csproj]
D:\ASS TRANG WEB\ShoesStore\Areas\Admin\Controllers\DongsanphamController.cs(51,44): warning CS8625: Cannot convert null literal to non-nullable reference type. [D:\ASS TRANG WEB\ShoesStore\ShoesStore.csproj]
D:\ASS TRANG WEB\ShoesStore\Areas\Admin\Repositories\ReportRepository.cs(56,35): warning CS8600: Converting null literal or possible null value to non-nullable type. [D:\ASS TRANG WEB\ShoesStore\ShoesStore.csproj]
D:\ASS TRANG WEB\ShoesStore\Areas\Admin\Repositories\ReportRepository.cs(57,30): warning CS8600: Converting null literal or possible null value to non-nullable type. [D:\ASS TRANG WEB\ShoesStore\ShoesStore.csproj]
D:\ASS TRANG WEB\ShoesStore\Areas\Admin\Repositories\ReportRepository.cs(61,35): warning CS8602: Dereference of a possibly null reference. [D:\ASS TRANG WEB\ShoesStore\ShoesStore.csproj]
D:\ASS TRANG WEB\ShoesStore\Areas\Admin\Controllers\BlogAdminController.cs(56,50): warning CS8604: Possible null reference argument for parameter 'email' in 'int INhanvien.getMaNVCurrent(string email)'. [D:\ASS TRANG WEB\ShoesStore\ShoesStore.csproj]
D:\ASS TRANG WEB\ShoesStore\Areas\Admin\Views\HomeAdmin\Index.cshtml(45,14): warning CS8602: Dereference of a possibly null reference. [D:\ASS TRANG WEB\ShoesStore\ShoesStore.csproj]
D:\ASS TRANG WEB\ShoesStore\Views\SanPham\HienThiSanpham.cshtml(7,27): warning CS8600: Converting null literal or possible null value to non-nullable type. [D:\ASS TRANG WEB\ShoesStore\ShoesStore.csproj]
D:\ASS TRANG WEB\ShoesStore\Views\PhieuMua\_PartialViewPriceDetail.cshtml(219,59): warning CS8602: Dereference of a possibly null reference. [D:\ASS TRANG WEB\ShoesStore\ShoesStore.csproj]
D:\ASS TRANG WEB\ShoesStore\Areas\Admin\Views\Shared\_LayoutAdmin.cshtml(159,26): warning CS8602: Dereference of a possibly null reference. [D:\ASS TRANG WEB\ShoesStore\ShoesStore.csproj]
D:\ASS TRANG WEB\ShoesStore\Areas\Admin\Views\SanPhamAdmin\UpdateSanPham.cshtml(42,91): warning CS8604: Possible null reference argument for parameter 'name' in 'MemberInfo[] Type.GetMember(string name)'. [D:\ASS TRANG WEB\ShoesStore\ShoesStore.csproj]
D:\ASS TRANG WEB\ShoesStore\Areas\Admin\Views\SanPhamAdmin\AddSanPham.cshtml(42,91): warning CS8604: Possible null reference argument for parameter 'name' in 'MemberInfo[] Type.GetMember(string name)'. [D:\ASS TRANG WEB\ShoesStore\ShoesStore.csproj]
D:\ASS TRANG WEB\ShoesStore\Views\Blog\Index.cshtml(83,56): warning CS8602: Dereference of a possibly null reference. [D:\ASS TRANG WEB\ShoesStore\ShoesStore.csproj]
D:\ASS TRANG WEB\ShoesStore\Views\FavouriteProducts\ViewFavouriteProducts.cshtml(56,42): warning CS0472: The result of the expression is always 'true' since a value of type 'int' is never equal to 'null' of type 'int?' [D:\ASS TRANG WEB\ShoesStore\ShoesStore.csproj]
D:\ASS TRANG WEB\ShoesStore\Views\PhieuMua\ThanhToan.cshtml(175,38): warning CS8602: Dereference of a possibly null reference. [D:\ASS TRANG WEB\ShoesStore\ShoesStore.csproj]
D:\ASS TRANG WEB\ShoesStore\Views\PhieuMua\ThanhToan.cshtml(176,38): warning CS8602: Dereference of a possibly null reference. [D:\ASS TRANG WEB\ShoesStore\ShoesStore.csproj]
D:\ASS TRANG WEB\ShoesStore\Views\Home\Index.cshtml(149,6): warning CS8602: Dereference of a possibly null reference. [D:\ASS TRANG WEB\ShoesStore\ShoesStore.csproj]
D:\ASS TRANG WEB\ShoesStore\Views\TrackingOrder\TrackingDetails.cshtml(6,21): warning MVC1000: Use of IHtmlHelper.Partial may result in application deadlocks. Consider using <partial> Tag Helper or IHtmlHelper.PartialAsync. [D:\ASS TRANG WEB\ShoesStore\ShoesStore.csproj]
D:\ASS TRANG WEB\ShoesStore\Views\Shared\Components\OrderHistory\Default.cshtml(29,26): warning MVC1000: Use of IHtmlHelper.Partial may result in application deadlocks. Consider using <partial> Tag Helper or IHtmlHelper.PartialAsync. [D:\ASS TRANG WEB\ShoesStore\ShoesStore.csproj]
D:\ASS TRANG WEB\ShoesStore\Views\Shared\Components\OrderHistory\Default.cshtml(48,42): warning MVC1000: Use of IHtmlHelper.Partial may result in application deadlocks. Consider using <partial> Tag Helper or IHtmlHelper.PartialAsync. [D:\ASS TRANG WEB\ShoesStore\ShoesStore.csproj]
D:\ASS TRANG WEB\ShoesStore\Areas\Admin\Views\PhieuMuaAdmin\Edit.cshtml(11,48): warning MVC1000: Use of IHtmlHelper.Partial may result in application deadlocks. Consider using <partial> Tag Helper or IHtmlHelper.PartialAsync. [D:\ASS TRANG WEB\ShoesStore\ShoesStore.csproj]

Build FAILED.

D:\ASS TRANG WEB\ShoesStore\Models\ShoesDbContext.cs(61,10): warning CS1030: #warning: 'To protect potentially sensitive information in your connection string, you should move it out of source code. You can avoid scaffolding the connection string by using the Name= syntax to read it from configuration - see https://go.microsoft.com/fwlink/?linkid=2131148. For more guidance on storing connection strings, see http://go.microsoft.com/fwlink/?LinkId=723263.' [D:\ASS TRANG WEB\ShoesStore\ShoesStore.csproj]
D:\ASS TRANG WEB\ShoesStore\Areas\Admin\Controllers\SanPhamAdminController.cs(308,59): warning CS8625: Cannot convert null literal to non-nullable reference type. [D:\ASS TRANG WEB\ShoesStore\ShoesStore.csproj]
D:\ASS TRANG WEB\ShoesStore\Migrations\20240530150423_notrangthaidongsp.cs(8,26): warning CS8981: The type name 'notrangthaidongsp' only contains lower-cased ascii characters. Such names may become reserved for the language. [D:\ASS TRANG WEB\ShoesStore\ShoesStore.csproj]
D:\ASS TRANG WEB\ShoesStore\Migrations\20240530150423_notrangthaidongsp.Designer.cs(16,19): warning CS8981: The type name 'notrangthaidongsp' only contains lower-cased ascii characters. Such names may become reserved for the language. [D:\ASS TRANG WEB\ShoesStore\ShoesStore.csproj]
D:\ASS TRANG WEB\ShoesStore\ViewModels\UpdateAddressViewModel.cs(8,23): warning CS8618: Non-nullable property 'Tennguoinhan' must contain a non-null value when exiting constructor. Consider adding the 'required' modifier or declaring the property as nullable. [D:\ASS TRANG WEB\ShoesStore\ShoesStore.csproj]
D:\ASS TRANG WEB\ShoesStore\ViewModels\UpdateAddressViewModel.cs(9,23): warning CS8618: Non-nullable property 'Sdtnguoinhan' must contain a non-null value when exiting constructor. Consider adding the 'required' modifier or declaring the property as nullable. [D:\ASS TRANG WEB\ShoesStore\ShoesStore.csproj]
D:\ASS TRANG WEB\ShoesStore\ViewModels\UpdateAddressViewModel.cs(10,23): warning CS8618: Non-nullable property 'Diachi' must contain a non-null value when exiting constructor. Consider adding the 'required' modifier or declaring the property as nullable. [D:\ASS TRANG WEB\ShoesStore\ShoesStore.csproj]
D:\ASS TRANG WEB\ShoesStore\ViewModels\UpdateAddressViewModel.cs(14,37): warning CS8618: Non-nullable property 'tinhSelect' must contain a non-null value when exiting constructor. Consider adding the 'required' modifier or declaring the property as nullable. [D:\ASS TRANG WEB\ShoesStore\ShoesStore.csproj]
D:\ASS TRANG WEB\ShoesStore\ViewModels\UpdateAddressViewModel.cs(15,37): warning CS8618: Non-nullable property 'quanSelect' must contain a non-null value when exiting constructor. Consider adding the 'required' modifier or declaring the property as nullable. [D:\ASS TRANG WEB\ShoesStore\ShoesStore.csproj]
D:\ASS TRANG WEB\ShoesStore\ViewModels\UpdateAddressViewModel.cs(16,37): warning CS8618: Non-nullable property 'phuongSelect' must contain a non-null value when exiting constructor. Consider adding the 'required' modifier or declaring the property as nullable. [D:\ASS TRANG WEB\ShoesStore\ShoesStore.csproj]
D:\ASS TRANG WEB\ShoesStore\ViewModels\SodiachiProfileViewModel.cs(7,31): warning CS8618: Non-nullable property 'sdc' must contain a non-null value when exiting constructor. Consider adding the 'required' modifier or declaring the property as nullable. [D:\ASS TRANG WEB\ShoesStore\ShoesStore.csproj]
D:\ASS TRANG WEB\ShoesStore\ViewModels\SodiachiProfileViewModel.cs(8,23): warning CS8618: Non-nullable property 'currentKhName' must contain a non-null value when exiting constructor. Consider adding the 'required' modifier or declaring the property as nullable. [D:\ASS TRANG WEB\ShoesStore\ShoesStore.csproj]
D:\ASS TRANG WEB\ShoesStore\ViewModels\SodiachiProfileViewModel.cs(9,23): warning CS8618: Non-nullable property 'currentPhone' must contain a non-null value when exiting constructor. Consider adding the 'required' modifier or declaring the property as nullable. [D:\ASS TRANG WEB\ShoesStore\ShoesStore.csproj]
D:\ASS TRANG WEB\ShoesStore\ViewModels\ShoppingCartItem.cs(7,23): warning CS8618: Non-nullable property 'Name' must contain a non-null value when exiting constructor. Consider adding the 'required' modifier or declaring the property as nullable. [D:\ASS TRANG WEB\ShoesStore\ShoesStore.csproj]
D:\ASS TRANG WEB\ShoesStore\ViewModels\ShoppingCartItem.cs(8,23): warning CS8618: Non-nullable property 'TenMau' must contain a non-null value when exiting constructor. Consider adding the 'required' modifier or declaring the property as nullable. [D:\ASS TRANG WEB\ShoesStore\ShoesStore.csproj]
D:\ASS TRANG WEB\ShoesStore\ViewModels\ShoppingCartItem.cs(9,24): warning CS8618: Non-nullable property 'sanpham' must contain a non-null value when exiting constructor. Consider adding the 'required' modifier or declaring the property as nullable. [D:\ASS TRANG WEB\ShoesStore\ShoesStore.csproj]
D:\ASS TRANG WEB\ShoesStore\ViewModels\ShoppingCartItem.cs(10,23): warning CS8618: Non-nullable property 'Size' must contain a non-null value when exiting constructor. Consider adding the 'required' modifier or declaring the property as nullable. [D:\ASS TRANG WEB\ShoesStore\ShoesStore.csproj]
D:\ASS TRANG WEB\ShoesStore\ViewModels\SanphamViewModel.cs(7,22): warning CS8618: Non-nullable property 'dongsanpham' must contain a non-null value when exiting constructor. Consider adding the 'required' modifier or declaring the property as nullable. [D:\ASS TRANG WEB\ShoesStore\ShoesStore.csproj]
D:\ASS TRANG WEB\ShoesStore\ViewModels\SanphamViewModel.cs(8,24): warning CS8618: Non-nullable property 'sanphams' must contain a non-null value when exiting constructor. Consider adding the 'required' modifier or declaring the property as nullable. [D:\ASS TRANG WEB\ShoesStore\ShoesStore.csproj]
D:\ASS TRANG WEB\ShoesStore\ViewModels\SanphamViewModel.cs(9,23): warning CS8618: Non-nullable property 'tenSize' must contain a non-null value when exiting constructor. Consider adding the 'required' modifier or declaring the property as nullable. [D:\ASS TRANG WEB\ShoesStore\ShoesStore.csproj]
D:\ASS TRANG WEB\ShoesStore\ViewModels\SanphamViewModel.cs(10,20): warning CS8618: Non-nullable property 'slton' must contain a non-null value when exiting constructor. Consider adding the 'required' modifier or declaring the property as nullable. [D:\ASS TRANG WEB\ShoesStore\ShoesStore.csproj]
D:\ASS TRANG WEB\ShoesStore\ViewModels\SanPhamHomeViewModel.cs(7,24): warning CS8618: Non-nullable property 'sp' must contain a non-null value when exiting constructor. Consider adding the 'required' modifier or declaring the property as nullable. [D:\ASS TRANG WEB\ShoesStore\ShoesStore.csproj]
D:\ASS TRANG WEB\ShoesStore\ViewModels\PhieuMuaViewModel.cs(8,39): warning CS8618: Non-nullable property 'listcartItem' must contain a non-null value when exiting constructor. Consider adding the 'required' modifier or declaring the property as nullable. [D:\ASS TRANG WEB\ShoesStore\ShoesStore.csproj]
D:\ASS TRANG WEB\ShoesStore\ViewModels\PhieuMuaViewModel.cs(13,24): warning CS8618: Non-nullable property 'HoTen' must contain a non-null value when exiting constructor. Consider adding the 'required' modifier or declaring the property as nullable. [D:\ASS TRANG WEB\ShoesStore\ShoesStore.csproj]
D:\ASS TRANG WEB\ShoesStore\ViewModels\PhieuMuaViewModel.cs(14,23): warning CS8618: Non-nullable property 'Sdt' must contain a non-null value when exiting constructor. Consider adding the 'required' modifier or declaring the property as nullable. [D:\ASS TRANG WEB\ShoesStore\ShoesStore.csproj]
D:\ASS TRANG WEB\ShoesStore\ViewModels\PhieuMuaViewModel.cs(15,23): warning CS8618: Non-nullable property 'Email' must contain a non-null value when exiting constructor. Consider adding the 'required' modifier or declaring the property as nullable. [D:\ASS TRANG WEB\ShoesStore\ShoesStore.csproj]
D:\ASS TRANG WEB\ShoesStore\ViewModels\PhieuMuaViewModel.cs(16,23): warning CS8618: Non-nullable property 'Diachi' must contain a non-null value when exiting constructor. Consider adding the 'required' modifier or declaring the property as nullable. [D:\ASS TRANG WEB\ShoesStore\ShoesStore.csproj]
D:\ASS TRANG WEB\ShoesStore\ViewModels\PhieuMuaViewModel.cs(20,31): warning CS8618: Non-nullable property 'sodiachis' must contain a non-null value when exiting constructor. Consider adding the 'required' modifier or declaring the property as nullable. [D:\ASS TRANG WEB\ShoesStore\ShoesStore.csproj]
D:\ASS TRANG WEB\ShoesStore\ViewModels\PhieuMuaViewModel.cs(21,30): warning CS8618: Non-nullable property 'voucherList' must contain a non-null value when exiting constructor. Consider adding the 'required' modifier or declaring the property as nullable. [D:\ASS TRANG WEB\ShoesStore\ShoesStore.csproj]
D:\ASS TRANG WEB\ShoesStore\ViewModels\PhieuMuaViewModel.cs(22,37): warning CS8618: Non-nullable property 'selectPhuong' must contain a non-null value when exiting constructor. Consider adding the 'required' modifier or declaring the property as nullable. [D:\ASS TRANG WEB\ShoesStore\ShoesStore.csproj]
D:\ASS TRANG WEB\ShoesStore\ViewModels\PhieuMuaViewModel.cs(23,37): warning CS8618: Non-nullable property 'selectQuan' must contain a non-null value when exiting constructor. Consider adding the 'required' modifier or declaring the property as nullable. [D:\ASS TRANG WEB\ShoesStore\ShoesStore.csproj]
D:\ASS TRANG WEB\ShoesStore\ViewModels\PhieuMuaViewModel.cs(24,24): warning CS8618: Non-nullable property 'Choosenvoucher' must contain a non-null value when exiting constructor. Consider adding the 'required' modifier or declaring the property as nullable. [D:\ASS TRANG WEB\ShoesStore\ShoesStore.csproj]
D:\ASS TRANG WEB\ShoesStore\ViewModels\FavouriteProductsItem.cs(9,17): warning CS8618: Non-nullable property 'Tensp' must contain a non-null value when exiting constructor. Consider adding the 'required' modifier or declaring the property as nullable. [D:\ASS TRANG WEB\ShoesStore\ShoesStore.csproj]
D:\ASS TRANG WEB\ShoesStore\ViewModels\FavouriteProductsItem.cs(10,17): warning CS8618: Non-nullable property 'Hinhanh' must contain a non-null value when exiting constructor. Consider adding the 'required' modifier or declaring the property as nullable. [D:\ASS TRANG WEB\ShoesStore\ShoesStore.csproj]
D:\ASS TRANG WEB\ShoesStore\ViewModels\DongsanphamViewModel.cs(8,22): warning CS8618: Non-nullable property 'dongsp' must contain a non-null value when exiting constructor. Consider adding the 'required' modifier or declaring the property as nullable. [D:\ASS TRANG WEB\ShoesStore\ShoesStore.csproj]
D:\ASS TRANG WEB\ShoesStore\ViewModels\CommentViewModel.cs(8,30): warning CS8618: Non-nullable property 'blPage' must contain a non-null value when exiting constructor. Consider adding the 'required' modifier or declaring the property as nullable. [D:\ASS TRANG WEB\ShoesStore\ShoesStore.csproj]
D:\ASS TRANG WEB\ShoesStore\ViewModels\AddressNoteBookViewModel.cs(7,23): warning CS8618: Non-nullable property 'HoTen' must contain a non-null value when exiting constructor. Consider adding the 'required' modifier or declaring the property as nullable. [D:\ASS TRANG WEB\ShoesStore\ShoesStore.csproj]
D:\ASS TRANG WEB\ShoesStore\ViewModels\AddressNoteBookViewModel.cs(8,23): warning CS8618: Non-nullable property 'Sdt' must contain a non-null value when exiting constructor. Consider adding the 'required' modifier or declaring the property as nullable. [D:\ASS TRANG WEB\ShoesStore\ShoesStore.csproj]
D:\ASS TRANG WEB\ShoesStore\ViewModels\AddressNoteBookViewModel.cs(9,27): warning CS8618: Non-nullable property 'tinhList' must contain a non-null value when exiting constructor. Consider adding the 'required' modifier or declaring the property as nullable. [D:\ASS TRANG WEB\ShoesStore\ShoesStore.csproj]
D:\ASS TRANG WEB\ShoesStore\ViewModels\AddressNoteBookViewModel.cs(10,27): warning CS8618: Non-nullable property 'quanList' must contain a non-null value when exiting constructor. Consider adding the 'required' modifier or declaring the property as nullable. [D:\ASS TRANG WEB\ShoesStore\ShoesStore.csproj]
D:\ASS TRANG WEB\ShoesStore\ViewModels\AddressNoteBookViewModel.cs(11,29): warning CS8618: Non-nullable property 'phuongList' must contain a non-null value when exiting constructor. Consider adding the 'required' modifier or declaring the property as nullable. [D:\ASS TRANG WEB\ShoesStore\ShoesStore.csproj]
D:\ASS TRANG WEB\ShoesStore\ViewComponents\UserProfileViewComponent.cs(22,25): warning CS8602: Dereference of a possibly null reference. [D:\ASS TRANG WEB\ShoesStore\ShoesStore.csproj]
D:\ASS TRANG WEB\ShoesStore\Controllers\ShoppingCartController.cs(61,30): warning CS8601: Possible null reference assignment. [D:\ASS TRANG WEB\ShoesStore\ShoesStore.csproj]
D:\ASS TRANG WEB\ShoesStore\Controllers\SanPhamController.cs(55,18): warning CS8602: Dereference of a possibly null reference. [D:\ASS TRANG WEB\ShoesStore\ShoesStore.csproj]
D:\ASS TRANG WEB\ShoesStore\Controllers\SanPhamController.cs(91,32): warning CS8600: Converting null literal or possible null value to non-nullable type. [D:\ASS TRANG WEB\ShoesStore\ShoesStore.csproj]
D:\ASS TRANG WEB\ShoesStore\Controllers\SanPhamController.cs(92,44): warning CS8604: Possible null reference argument for parameter 'emailkh' in 'Khachhang IKhachhang.GetCurrentKh(string emailkh)'. [D:\ASS TRANG WEB\ShoesStore\ShoesStore.csproj]
D:\ASS TRANG WEB\ShoesStore\Controllers\PhieuMuaController.cs(81,34): warning CS8625: Cannot convert null literal to non-nullable reference type. [D:\ASS TRANG WEB\ShoesStore\ShoesStore.csproj]
D:\ASS TRANG WEB\ShoesStore\Views\Shared\_Layout.cshtml(91,13): warning CS8602: Dereference of a possibly null reference. [D:\ASS TRANG WEB\ShoesStore\ShoesStore.csproj]
D:\ASS TRANG WEB\ShoesStore\Views\Shared\_Layout.cshtml(62,25): warning CS0252: Possible unintended reference comparison; to get a value comparison, cast the left hand side to type 'string' [D:\ASS TRANG WEB\ShoesStore\ShoesStore.csproj]
D:\ASS TRANG WEB\ShoesStore\Controllers\PhieuMuaController.cs(95,30): warning CS8600: Converting null literal or possible null value to non-nullable type. [D:\ASS TRANG WEB\ShoesStore\ShoesStore.csproj]
D:\ASS TRANG WEB\ShoesStore\Controllers\PhieuMuaController.cs(98,48): warning CS8604: Possible null reference argument for parameter 'emailkh' in 'Khachhang IKhachhang.GetCurrentKh(string emailkh)'. [D:\ASS TRANG WEB\ShoesStore\ShoesStore.csproj]
D:\ASS TRANG WEB\ShoesStore\Controllers\PhieuMuaController.cs(124,21): warning CS8602: Dereference of a possibly null reference. [D:\ASS TRANG WEB\ShoesStore\ShoesStore.csproj]
D:\ASS TRANG WEB\ShoesStore\Controllers\PhieuMuaController.cs(168,34): warning CS8601: Possible null reference assignment. [D:\ASS TRANG WEB\ShoesStore\ShoesStore.csproj]
D:\ASS TRANG WEB\ShoesStore\Controllers\PhieuMuaController.cs(190,30): warning CS8600: Converting null literal or possible null value to non-nullable type. [D:\ASS TRANG WEB\ShoesStore\ShoesStore.csproj]
D:\ASS TRANG WEB\ShoesStore\Controllers\PhieuMuaController.cs(191,48): warning CS8604: Possible null reference argument for parameter 'emailkh' in 'Khachhang IKhachhang.GetCurrentKh(string emailkh)'. [D:\ASS TRANG WEB\ShoesStore\ShoesStore.csproj]
D:\ASS TRANG WEB\ShoesStore\Controllers\PhieuMuaController.cs(403,17): warning CS0472: The result of the expression is always 'false' since a value of type 'int' is never equal to 'null' of type 'int?' [D:\ASS TRANG WEB\ShoesStore\ShoesStore.csproj]
D:\ASS TRANG WEB\ShoesStore\Controllers\KhuyenMaiController.cs(90,18): warning CS8602: Dereference of a possibly null reference. [D:\ASS TRANG WEB\ShoesStore\ShoesStore.csproj]
D:\ASS TRANG WEB\ShoesStore\Views\ShoppingCart\PartialCartList.cshtml(65,30): warning CS0472: The result of the expression is always 'true' since a value of type 'int' is never equal to 'null' of type 'int?' [D:\ASS TRANG WEB\ShoesStore\ShoesStore.csproj]
D:\ASS TRANG WEB\ShoesStore\Controllers\AccountController.cs(42,35): warning CS8600: Converting null literal or possible null value to non-nullable type. [D:\ASS TRANG WEB\ShoesStore\ShoesStore.csproj]
D:\ASS TRANG WEB\ShoesStore\Models\Session\SessionExtensions.cs(15,20): warning CS8603: Possible null reference return. [D:\ASS TRANG WEB\ShoesStore\ShoesStore.csproj]
D:\ASS TRANG WEB\ShoesStore\Controllers\AccountController.cs(124,40): warning CS8602: Dereference of a possibly null reference. [D:\ASS TRANG WEB\ShoesStore\ShoesStore.csproj]
D:\ASS TRANG WEB\ShoesStore\Controllers\AccountController.cs(164,32): warning CS8600: Converting null literal or possible null value to non-nullable type. [D:\ASS TRANG WEB\ShoesStore\ShoesStore.csproj]
D:\ASS TRANG WEB\ShoesStore\Models\Mailling\EmailEntity.cs(7,23): warning CS8618: Non-nullable property 'FromEmailAddress' must contain a non-null value when exiting constructor. Consider adding the 'required' modifier or declaring the property as nullable. [D:\ASS TRANG WEB\ShoesStore\ShoesStore.csproj]
D:\ASS TRANG WEB\ShoesStore\Models\Mailling\EmailEntity.cs(8,23): warning CS8618: Non-nullable property 'ToEmailAddress' must contain a non-null value when exiting constructor. Consider adding the 'required' modifier or declaring the property as nullable. [D:\ASS TRANG WEB\ShoesStore\ShoesStore.csproj]
D:\ASS TRANG WEB\ShoesStore\Models\Mailling\EmailEntity.cs(9,23): warning CS8618: Non-nullable property 'Subject' must contain a non-null value when exiting constructor. Consider adding the 'required' modifier or declaring the property as nullable. [D:\ASS TRANG WEB\ShoesStore\ShoesStore.csproj]
D:\ASS TRANG WEB\ShoesStore\Models\Mailling\EmailEntity.cs(10,23): warning CS8618: Non-nullable property 'EmailBodyMessage' must contain a non-null value when exiting constructor. Consider adding the 'required' modifier or declaring the property as nullable. [D:\ASS TRANG WEB\ShoesStore\ShoesStore.csproj]
D:\ASS TRANG WEB\ShoesStore\Models\Mailling\EmailEntity.cs(13,23): warning CS8618: Non-nullable property 'AttachMentUrl' must contain a non-null value when exiting constructor. Consider adding the 'required' modifier or declaring the property as nullable. [D:\ASS TRANG WEB\ShoesStore\ShoesStore.csproj]
D:\ASS TRANG WEB\ShoesStore\Models\LoginRequest.cs(5,23): warning CS8618: Non-nullable property 'Username' must contain a non-null value when exiting constructor. Consider adding the 'required' modifier or declaring the property as nullable. [D:\ASS TRANG WEB\ShoesStore\ShoesStore.csproj]
D:\ASS TRANG WEB\ShoesStore\Models\LoginRequest.cs(6,23): warning CS8618: Non-nullable property 'Password' must contain a non-null value when exiting constructor. Consider adding the 'required' modifier or declaring the property as nullable. [D:\ASS TRANG WEB\ShoesStore\ShoesStore.csproj]
D:\ASS TRANG WEB\ShoesStore\Views\Shared\_PartialSanPhamTheoLoai.cshtml(28,10): warning CS0472: The result of the expression is always 'true' since a value of type 'int' is never equal to 'null' of type 'int?' [D:\ASS TRANG WEB\ShoesStore\ShoesStore.csproj]
D:\ASS TRANG WEB\ShoesStore\Areas\Admin\ViewModels\SanPhamViewModel.cs(10,23): warning CS8618: Non-nullable property 'DongsanphamName' must contain a non-null value when exiting constructor. Consider adding the 'required' modifier or declaring the property as nullable. [D:\ASS TRANG WEB\ShoesStore\ShoesStore.csproj]
D:\ASS TRANG WEB\ShoesStore\Areas\Admin\ViewModels\SanPhamViewModel.cs(11,23): warning CS8618: Non-nullable property 'TypeName' must contain a non-null value when exiting constructor. Consider adding the 'required' modifier or declaring the property as nullable. [D:\ASS TRANG WEB\ShoesStore\ShoesStore.csproj]
D:\ASS TRANG WEB\ShoesStore\Areas\Admin\ViewModels\SanPhamViewModel.cs(28,23): warning CS8618: Non-nullable property 'IdMau' must contain a non-null value when exiting constructor. Consider adding the 'required' modifier or declaring the property as nullable. [D:\ASS TRANG WEB\ShoesStore\ShoesStore.csproj]
D:\ASS TRANG WEB\ShoesStore\Areas\Admin\ViewModels\SanPhamViewModel.cs(29,29): warning CS8618: Non-nullable property 'tenSize' must contain a non-null value when exiting constructor. Consider adding the 'required' modifier or declaring the property as nullable. [D:\ASS TRANG WEB\ShoesStore\ShoesStore.csproj]
D:\ASS TRANG WEB\ShoesStore\Areas\Admin\ViewModels\SanPhamViewModel.cs(30,26): warning CS8618: Non-nullable property 'slton' must contain a non-null value when exiting constructor. Consider adding the 'required' modifier or declaring the property as nullable. [D:\ASS TRANG WEB\ShoesStore\ShoesStore.csproj]
D:\ASS TRANG WEB\ShoesStore\Areas\Admin\ViewModels\SanPhamViewModel.cs(35,26): warning CS8618: Non-nullable property 'AvatarImage' must contain a non-null value when exiting constructor. Consider adding the 'required' modifier or declaring the property as nullable. [D:\ASS TRANG WEB\ShoesStore\ShoesStore.csproj]
D:\ASS TRANG WEB\ShoesStore\Areas\Admin\ViewModels\SanPhamViewModel.cs(40,26): warning CS8618: Non-nullable property 'TopImage' must contain a non-null value when exiting constructor. Consider adding the 'required' modifier or declaring the property as nullable. [D:\ASS TRANG WEB\ShoesStore\ShoesStore.csproj]
D:\ASS TRANG WEB\ShoesStore\Areas\Admin\ViewModels\SanPhamViewModel.cs(45,26): warning CS8618: Non-nullable property 'BottomImage' must contain a non-null value when exiting constructor. Consider adding the 'required' modifier or declaring the property as nullable. [D:\ASS TRANG WEB\ShoesStore\ShoesStore.csproj]
D:\ASS TRANG WEB\ShoesStore\Areas\Admin\ViewModels\SanPhamViewModel.cs(46,26): warning CS8618: Non-nullable property 'VideoFile' must contain a non-null value when exiting constructor. Consider adding the 'required' modifier or declaring the property as nullable. [D:\ASS TRANG WEB\ShoesStore\ShoesStore.csproj]
D:\ASS TRANG WEB\ShoesStore\Areas\Admin\ViewModels\SaleByProductViewModel.cs(5,23): warning CS8618: Non-nullable property 'ProductName' must contain a non-null value when exiting constructor. Consider adding the 'required' modifier or declaring the property as nullable. [D:\ASS TRANG WEB\ShoesStore\ShoesStore.csproj]
D:\ASS TRANG WEB\ShoesStore\Areas\Admin\ViewModels\ReportViewModel.cs(5,44): warning CS8618: Non-nullable property 'saleByMonths' must contain a non-null value when exiting constructor. Consider adding the 'required' modifier or declaring the property as nullable. [D:\ASS TRANG WEB\ShoesStore\ShoesStore.csproj]
D:\ASS TRANG WEB\ShoesStore\Areas\Admin\ViewModels\ReportViewModel.cs(6,45): warning CS8618: Non-nullable property 'saleByProducts' must contain a non-null value when exiting constructor. Consider adding the 'required' modifier or declaring the property as nullable. [D:\ASS TRANG WEB\ShoesStore\ShoesStore.csproj]
D:\ASS TRANG WEB\ShoesStore\Areas\Admin\ViewModels\PhieuMuaDetailViewModel.cs(13,25): warning CS8618: Non-nullable property 'Phieumua' must contain a non-null value when exiting constructor. Consider adding the 'required' modifier or declaring the property as nullable. [D:\ASS TRANG WEB\ShoesStore\ShoesStore.csproj]
D:\ASS TRANG WEB\ShoesStore\Areas\Admin\ViewModels\PhieuMuaDetailViewModel.cs(14,38): warning CS8618: Non-nullable property 'Chitietphieumuas' must contain a non-null value when exiting constructor. Consider adding the 'required' modifier or declaring the property as nullable. [D:\ASS TRANG WEB\ShoesStore\ShoesStore.csproj]
D:\ASS TRANG WEB\ShoesStore\Areas\Admin\ViewModels\KhuyenMaiViewModel.cs(14,26): warning CS8618: Non-nullable property 'SelectedDongsanphams' must contain a non-null value when exiting constructor. Consider adding the 'required' modifier or declaring the property as nullable. [D:\ASS TRANG WEB\ShoesStore\ShoesStore.csproj]
D:\ASS TRANG WEB\ShoesStore\Areas\Admin\ViewModels\KhuyenMaiViewModel.cs(15,44): warning CS8618: Non-nullable property 'AvailableDongsanphams' must contain a non-null value when exiting constructor. Consider adding the 'required' modifier or declaring the property as nullable. [D:\ASS TRANG WEB\ShoesStore\ShoesStore.csproj]
D:\ASS TRANG WEB\ShoesStore\Areas\Admin\ViewModels\BlogViewModel.cs(15,26): warning CS8618: Non-nullable property 'BlogImage' must contain a non-null value when exiting constructor. Consider adding the 'required' modifier or declaring the property as nullable. [D:\ASS TRANG WEB\ShoesStore\ShoesStore.csproj]
D:\ASS TRANG WEB\ShoesStore\Areas\Admin\ViewModels\BannerViewModel.cs(11,26): warning CS8618: Non-nullable property 'FrontImage' must contain a non-null value when exiting constructor. Consider adding the 'required' modifier or declaring the property as nullable. [D:\ASS TRANG WEB\ShoesStore\ShoesStore.csproj]
D:\ASS TRANG WEB\ShoesStore\Areas\Admin\ViewModels\BannerViewModel.cs(17,23): warning CS8618: Non-nullable property 'Slogan' must contain a non-null value when exiting constructor. Consider adding the 'required' modifier or declaring the property as nullable. [D:\ASS TRANG WEB\ShoesStore\ShoesStore.csproj]
D:\ASS TRANG WEB\ShoesStore\Repositories\VoucherRepo.cs(23,20): warning CS8603: Possible null reference return. [D:\ASS TRANG WEB\ShoesStore\ShoesStore.csproj]
D:\ASS TRANG WEB\ShoesStore\Repositories\SizeRepo.cs(17,23): warning CS8600: Converting null literal or possible null value to non-nullable type. [D:\ASS TRANG WEB\ShoesStore\ShoesStore.csproj]
D:\ASS TRANG WEB\ShoesStore\Repositories\SizeRepo.cs(18,20): warning CS8603: Possible null reference return. [D:\ASS TRANG WEB\ShoesStore\ShoesStore.csproj]
D:\ASS TRANG WEB\ShoesStore\Repositories\SizeRepo.cs(23,23): warning CS8600: Converting null literal or possible null value to non-nullable type. [D:\ASS TRANG WEB\ShoesStore\ShoesStore.csproj]
D:\ASS TRANG WEB\ShoesStore\Repositories\SizeRepo.cs(24,20): warning CS8603: Possible null reference return. [D:\ASS TRANG WEB\ShoesStore\ShoesStore.csproj]
D:\ASS TRANG WEB\ShoesStore\Areas\Admin\Repositories\VoucherAdminRepo.cs(24,11): warning CS8603: Possible null reference return. [D:\ASS TRANG WEB\ShoesStore\ShoesStore.csproj]
D:\ASS TRANG WEB\ShoesStore\Repositories\SanphamSizeRepo.cs(18,25): warning CS8600: Converting null literal or possible null value to non-nullable type. [D:\ASS TRANG WEB\ShoesStore\ShoesStore.csproj]
D:\ASS TRANG WEB\ShoesStore\Repositories\SanphamSizeRepo.cs(19,11): warning CS8603: Possible null reference return. [D:\ASS TRANG WEB\ShoesStore\ShoesStore.csproj]
D:\ASS TRANG WEB\ShoesStore\Repositories\SanphamSizeRepo.cs(24,17): warning CS8602: Dereference of a possibly null reference. [D:\ASS TRANG WEB\ShoesStore\ShoesStore.csproj]
D:\ASS TRANG WEB\ShoesStore\Repositories\SanphamSizeRepo.cs(25,19): warning CS8602: Dereference of a possibly null reference. [D:\ASS TRANG WEB\ShoesStore\ShoesStore.csproj]
D:\ASS TRANG WEB\ShoesStore\Areas\Admin\Repositories\SpSizeAdminRepo.cs(32,32): warning CS8604: Possible null reference argument for parameter 'item' in 'void List<Sanphamsize>.Add(Sanphamsize item)'. [D:\ASS TRANG WEB\ShoesStore\ShoesStore.csproj]
D:\ASS TRANG WEB\ShoesStore\Areas\Admin\Repositories\SizeAdminRepo.cs(33,20): warning CS8603: Possible null reference return. [D:\ASS TRANG WEB\ShoesStore\ShoesStore.csproj]
D:\ASS TRANG WEB\ShoesStore\Areas\Admin\Repositories\SizeAdminRepo.cs(80,25): warning CS8600: Converting null literal or possible null value to non-nullable type. [D:\ASS TRANG WEB\ShoesStore\ShoesStore.csproj]
D:\ASS TRANG WEB\ShoesStore\Areas\Admin\Repositories\SanPhamAdminRepo.cs(23,23): warning CS8601: Possible null reference assignment. [D:\ASS TRANG WEB\ShoesStore\ShoesStore.csproj]
D:\ASS TRANG WEB\ShoesStore\Areas\Admin\Repositories\SanPhamAdminRepo.cs(24,31): warning CS8601: Possible null reference assignment. [D:\ASS TRANG WEB\ShoesStore\ShoesStore.csproj]
D:\ASS TRANG WEB\ShoesStore\Areas\Admin\Repositories\SanPhamAdminRepo.cs(38,19): warning CS8600: Converting null literal or possible null value to non-nullable type. [D:\ASS TRANG WEB\ShoesStore\ShoesStore.csproj]
D:\ASS TRANG WEB\ShoesStore\Areas\Admin\Repositories\SanPhamAdminRepo.cs(39,4): warning CS8602: Dereference of a possibly null reference. [D:\ASS TRANG WEB\ShoesStore\ShoesStore.csproj]
D:\ASS TRANG WEB\ShoesStore\Areas\Admin\Repositories\SanPhamAdminRepo.cs(39,27): warning CS8601: Possible null reference assignment. [D:\ASS TRANG WEB\ShoesStore\ShoesStore.csproj]
D:\ASS TRANG WEB\ShoesStore\Areas\Admin\Repositories\SanPhamAdminRepo.cs(41,35): warning CS8601: Possible null reference assignment. [D:\ASS TRANG WEB\ShoesStore\ShoesStore.csproj]
D:\ASS TRANG WEB\ShoesStore\Areas\Admin\Repositories\SanPhamAdminRepo.cs(47,19): warning CS8600: Converting null literal or possible null value to non-nullable type. [D:\ASS TRANG WEB\ShoesStore\ShoesStore.csproj]
D:\ASS TRANG WEB\ShoesStore\Areas\Admin\Repositories\SanPhamAdminRepo.cs(48,28): warning CS8604: Possible null reference argument for parameter 'entity' in 'EntityEntry<Sanpham> DbSet<Sanpham>.Remove(Sanpham entity)'. [D:\ASS TRANG WEB\ShoesStore\ShoesStore.csproj]
D:\ASS TRANG WEB\ShoesStore\Areas\Admin\Repositories\PhieuMuaAdminRepo.cs(18,33): warning CS8600: Converting null literal or possible null value to non-nullable type. [D:\ASS TRANG WEB\ShoesStore\ShoesStore.csproj]
D:\ASS TRANG WEB\ShoesStore\Areas\Admin\Repositories\PhieuMuaAdminRepo.cs(23,20): warning CS8603: Possible null reference return. [D:\ASS TRANG WEB\ShoesStore\ShoesStore.csproj]
D:\ASS TRANG WEB\ShoesStore\Repositories\SanphamSizeRepo.cs(35,16): warning CS8604: Possible null reference argument for parameter 'item' in 'void List<Sanphamsize>.Add(Sanphamsize item)'. [D:\ASS TRANG WEB\ShoesStore\ShoesStore.csproj]
D:\ASS TRANG WEB\ShoesStore\Repositories\SanphamRepo.cs(20,17): warning CS8600: Converting null literal or possible null value to non-nullable type. [D:\ASS TRANG WEB\ShoesStore\ShoesStore.csproj]
D:\ASS TRANG WEB\ShoesStore\Repositories\SanphamRepo.cs(21,11): warning CS8603: Possible null reference return. [D:\ASS TRANG WEB\ShoesStore\ShoesStore.csproj]
D:\ASS TRANG WEB\ShoesStore\Repositories\SanphamRepo.cs(27,25): warning CS8600: Converting null literal or possible null value to non-nullable type. [D:\ASS TRANG WEB\ShoesStore\ShoesStore.csproj]
D:\ASS TRANG WEB\ShoesStore\Repositories\SanphamRepo.cs(29,31): warning CS8600: Converting null literal or possible null value to non-nullable type. [D:\ASS TRANG WEB\ShoesStore\ShoesStore.csproj]
D:\ASS TRANG WEB\ShoesStore\Repositories\SanphamRepo.cs(33,4): warning CS8602: Dereference of a possibly null reference. [D:\ASS TRANG WEB\ShoesStore\ShoesStore.csproj]
D:\ASS TRANG WEB\ShoesStore\Repositories\SanphamRepo.cs(33,21): warning CS8604: Possible null reference argument for parameter 'item' in 'void ICollection<Khuyenmai>.Add(Khuyenmai item)'. [D:\ASS TRANG WEB\ShoesStore\ShoesStore.csproj]
D:\ASS TRANG WEB\ShoesStore\Repositories\SanphamRepo.cs(38,22): warning CS8600: Converting null literal or possible null value to non-nullable type. [D:\ASS TRANG WEB\ShoesStore\ShoesStore.csproj]
D:\ASS TRANG WEB\ShoesStore\Repositories\SanphamRepo.cs(40,4): warning CS8602: Dereference of a possibly null reference. [D:\ASS TRANG WEB\ShoesStore\ShoesStore.csproj]
D:\ASS TRANG WEB\ShoesStore\Repositories\SanphamRepo.cs(40,30): warning CS8601: Possible null reference assignment. [D:\ASS TRANG WEB\ShoesStore\ShoesStore.csproj]
D:\ASS TRANG WEB\ShoesStore\Views\Shared\Components\ShowComment\Default.cshtml(114,8): warning CS8602: Dereference of a possibly null reference. [D:\ASS TRANG WEB\ShoesStore\ShoesStore.csproj]
D:\ASS TRANG WEB\ShoesStore\Repositories\SanphamRepo.cs(100,17): warning CS8600: Converting null literal or possible null value to non-nullable type. [D:\ASS TRANG WEB\ShoesStore\ShoesStore.csproj]
D:\ASS TRANG WEB\ShoesStore\Repositories\SanphamRepo.cs(101,83): warning CS8602: Dereference of a possibly null reference. [D:\ASS TRANG WEB\ShoesStore\ShoesStore.csproj]
D:\ASS TRANG WEB\ShoesStore\Repositories\SanphamRepo.cs(101,22): warning CS8600: Converting null literal or possible null value to non-nullable type. [D:\ASS TRANG WEB\ShoesStore\ShoesStore.csproj]
D:\ASS TRANG WEB\ShoesStore\Repositories\SanphamRepo.cs(103,89): warning CS8604: Possible null reference argument for parameter 'item' in 'bool ICollection<Dongsanpham>.Contains(Dongsanpham item)'. [D:\ASS TRANG WEB\ShoesStore\ShoesStore.csproj]
D:\ASS TRANG WEB\ShoesStore\Repositories\SanphamRepo.cs(107,16): warning CS8602: Dereference of a possibly null reference. [D:\ASS TRANG WEB\ShoesStore\ShoesStore.csproj]
D:\ASS TRANG WEB\ShoesStore\Repositories\SanphamRepo.cs(109,15): warning CS8602: Dereference of a possibly null reference. [D:\ASS TRANG WEB\ShoesStore\ShoesStore.csproj]
D:\ASS TRANG WEB\ShoesStore\Repositories\PhieuMuaRepo.cs(30,30): warning CS8602: Dereference of a possibly null reference. [D:\ASS TRANG WEB\ShoesStore\ShoesStore.csproj]
D:\ASS TRANG WEB\ShoesStore\Repositories\PhieuMuaRepo.cs(31,30): warning CS8602: Dereference of a possibly null reference. [D:\ASS TRANG WEB\ShoesStore\ShoesStore.csproj]
D:\ASS TRANG WEB\ShoesStore\Repositories\PhieuMuaRepo.cs(32,32): warning CS8602: Dereference of a possibly null reference. [D:\ASS TRANG WEB\ShoesStore\ShoesStore.csproj]
D:\ASS TRANG WEB\ShoesStore\Repositories\PhieuMuaRepo.cs(36,32): warning CS8600: Converting null literal or possible null value to non-nullable type. [D:\ASS TRANG WEB\ShoesStore\ShoesStore.csproj]
D:\ASS TRANG WEB\ShoesStore\Repositories\PhieuMuaRepo.cs(37,17): warning CS8602: Dereference of a possibly null reference. [D:\ASS TRANG WEB\ShoesStore\ShoesStore.csproj]
D:\ASS TRANG WEB\ShoesStore\Repositories\PhieuMuaRepo.cs(44,30): warning CS8600: Converting null literal or possible null value to non-nullable type. [D:\ASS TRANG WEB\ShoesStore\ShoesStore.csproj]
D:\ASS TRANG WEB\ShoesStore\Repositories\PhieuMuaRepo.cs(45,17): warning CS8602: Dereference of a possibly null reference. [D:\ASS TRANG WEB\ShoesStore\ShoesStore.csproj]
D:\ASS TRANG WEB\ShoesStore\Repositories\PhieuMuaRepo.cs(58,36): warning CS8601: Possible null reference assignment. [D:\ASS TRANG WEB\ShoesStore\ShoesStore.csproj]
D:\ASS TRANG WEB\ShoesStore\Repositories\PhieuMuaRepo.cs(107,20): warning CS8603: Possible null reference return. [D:\ASS TRANG WEB\ShoesStore\ShoesStore.csproj]
D:\ASS TRANG WEB\ShoesStore\Repositories\MauRepo.cs(16,12): warning CS8600: Converting null literal or possible null value to non-nullable type. [D:\ASS TRANG WEB\ShoesStore\ShoesStore.csproj]
D:\ASS TRANG WEB\ShoesStore\Repositories\MauRepo.cs(17,11): warning CS8603: Possible null reference return. [D:\ASS TRANG WEB\ShoesStore\ShoesStore.csproj]
D:\ASS TRANG WEB\ShoesStore\Repositories\KhuyenMaiRepo.cs(20,19): warning CS8600: Converting null literal or possible null value to non-nullable type. [D:\ASS TRANG WEB\ShoesStore\ShoesStore.csproj]
D:\ASS TRANG WEB\ShoesStore\Repositories\KhuyenMaiRepo.cs(22,11): warning CS8602: Dereference of a possibly null reference. [D:\ASS TRANG WEB\ShoesStore\ShoesStore.csproj]
D:\ASS TRANG WEB\ShoesStore\Areas\Admin\Repositories\PhieuMuaAdminRepo.cs(76,16): warning CS8602: Dereference of a possibly null reference. [D:\ASS TRANG WEB\ShoesStore\ShoesStore.csproj]
D:\ASS TRANG WEB\ShoesStore\Areas\Admin\Repositories\PhieuMuaAdminRepo.cs(80,36): warning CS8600: Converting null literal or possible null value to non-nullable type. [D:\ASS TRANG WEB\ShoesStore\ShoesStore.csproj]
D:\ASS TRANG WEB\ShoesStore\Areas\Admin\Repositories\PhieuMuaAdminRepo.cs(86,25): warning CS8602: Dereference of a possibly null reference. [D:\ASS TRANG WEB\ShoesStore\ShoesStore.csproj]
D:\ASS TRANG WEB\ShoesStore\Areas\Admin\Repositories\PhieuMuaAdminRepo.cs(90,25): warning CS8602: Dereference of a possibly null reference. [D:\ASS TRANG WEB\ShoesStore\ShoesStore.csproj]
D:\ASS TRANG WEB\ShoesStore\Areas\Admin\Repositories\PhieuMuaAdminRepo.cs(92,48): warning CS8604: Possible null reference argument for parameter 'entity' in 'EntityEntry<Khachhang> DbSet<Khachhang>.Update(Khachhang entity)'. [D:\ASS TRANG WEB\ShoesStore\ShoesStore.csproj]
D:\ASS TRANG WEB\ShoesStore\Areas\Admin\Repositories\MauAdminRepo.cs(19,20): warning CS8603: Possible null reference return. [D:\ASS TRANG WEB\ShoesStore\ShoesStore.csproj]
D:\ASS TRANG WEB\ShoesStore\Areas\Admin\Repositories\MauAdminRepo.cs(53,23): warning CS8600: Converting null literal or possible null value to non-nullable type. [D:\ASS TRANG WEB\ShoesStore\ShoesStore.csproj]
D:\ASS TRANG WEB\ShoesStore\Repositories\KhuyenMaiRepo.cs(46,26): warning CS8601: Possible null reference assignment. [D:\ASS TRANG WEB\ShoesStore\ShoesStore.csproj]
D:\ASS TRANG WEB\ShoesStore\Areas\Admin\Repositories\MauAdminRepo.cs(64,20): warning CS8619: Nullability of reference types in value of type 'List<string?>' doesn't match target type 'List<string>'. [D:\ASS TRANG WEB\ShoesStore\ShoesStore.csproj]
D:\ASS TRANG WEB\ShoesStore\Repositories\KhuyenMaiRepo.cs(99,20): warning CS8600: Converting null literal or possible null value to non-nullable type. [D:\ASS TRANG WEB\ShoesStore\ShoesStore.csproj]
D:\ASS TRANG WEB\ShoesStore\Areas\Admin\Repositories\LoaiAdminRepo.cs(16,14): warning CS8600: Converting null literal or possible null value to non-nullable type. [D:\ASS TRANG WEB\ShoesStore\ShoesStore.csproj]
D:\ASS TRANG WEB\ShoesStore\Areas\Admin\Repositories\LoaiAdminRepo.cs(17,11): warning CS8603: Possible null reference return. [D:\ASS TRANG WEB\ShoesStore\ShoesStore.csproj]
D:\ASS TRANG WEB\ShoesStore\Repositories\KhachhangRepo.cs(17,28): warning CS8600: Converting null literal or possible null value to non-nullable type. [D:\ASS TRANG WEB\ShoesStore\ShoesStore.csproj]
D:\ASS TRANG WEB\ShoesStore\Repositories\KhachhangRepo.cs(18,20): warning CS8603: Possible null reference return. [D:\ASS TRANG WEB\ShoesStore\ShoesStore.csproj]
D:\ASS TRANG WEB\ShoesStore\Areas\Admin\Repositories\LoaiAdminRepo.cs(51,16): warning CS8600: Converting null literal or possible null value to non-nullable type. [D:\ASS TRANG WEB\ShoesStore\ShoesStore.csproj]
D:\ASS TRANG WEB\ShoesStore\Repositories\DongSanphamRepo.cs(20,34): warning CS8600: Converting null literal or possible null value to non-nullable type. [D:\ASS TRANG WEB\ShoesStore\ShoesStore.csproj]
D:\ASS TRANG WEB\ShoesStore\Repositories\DongSanphamRepo.cs(21,20): warning CS8603: Possible null reference return. [D:\ASS TRANG WEB\ShoesStore\ShoesStore.csproj]
D:\ASS TRANG WEB\ShoesStore\Areas\Admin\Repositories\KhuyenMaiAdminRepo.cs(18,28): warning CS8600: Converting null literal or possible null value to non-nullable type. [D:\ASS TRANG WEB\ShoesStore\ShoesStore.csproj]
D:\ASS TRANG WEB\ShoesStore\Areas\Admin\Repositories\KhuyenMaiAdminRepo.cs(19,20): warning CS8603: Possible null reference return. [D:\ASS TRANG WEB\ShoesStore\ShoesStore.csproj]
D:\ASS TRANG WEB\ShoesStore\Areas\Admin\Repositories\KhuyenMaiAdminRepo.cs(44,28): warning CS8600: Converting null literal or possible null value to non-nullable type. [D:\ASS TRANG WEB\ShoesStore\ShoesStore.csproj]
D:\ASS TRANG WEB\ShoesStore\Areas\Admin\Repositories\DongsanphamAdminRepo.cs(16,31): warning CS8600: Converting null literal or possible null value to non-nullable type. [D:\ASS TRANG WEB\ShoesStore\ShoesStore.csproj]
D:\ASS TRANG WEB\ShoesStore\Areas\Admin\Repositories\DongsanphamAdminRepo.cs(17,20): warning CS8603: Possible null reference return. [D:\ASS TRANG WEB\ShoesStore\ShoesStore.csproj]
D:\ASS TRANG WEB\ShoesStore\Areas\Admin\Repositories\DongsanphamAdminRepo.cs(31,36): warning CS8601: Possible null reference assignment. [D:\ASS TRANG WEB\ShoesStore\ShoesStore.csproj]
D:\ASS TRANG WEB\ShoesStore\Areas\Admin\Repositories\DongsanphamAdminRepo.cs(60,39): warning CS8600: Converting null literal or possible null value to non-nullable type. [D:\ASS TRANG WEB\ShoesStore\ShoesStore.csproj]
D:\ASS TRANG WEB\ShoesStore\Areas\Admin\Repositories\BlogAdminRepo.cs(66,20): warning CS8603: Possible null reference return. [D:\ASS TRANG WEB\ShoesStore\ShoesStore.csproj]
D:\ASS TRANG WEB\ShoesStore\Areas\Admin\Repositories\BannerRepository.cs(45,20): warning CS8603: Possible null reference return. [D:\ASS TRANG WEB\ShoesStore\ShoesStore.csproj]
D:\ASS TRANG WEB\ShoesStore\Areas\Admin\Controllers\StaffAdminController.cs(81,4): warning CS8602: Dereference of a possibly null reference. [D:\ASS TRANG WEB\ShoesStore\ShoesStore.csproj]
D:\ASS TRANG WEB\ShoesStore\Areas\Admin\Controllers\StaffAdminController.cs(81,31): warning CS8601: Possible null reference assignment. [D:\ASS TRANG WEB\ShoesStore\ShoesStore.csproj]
D:\ASS TRANG WEB\ShoesStore\Repositories\DongSanphamRepo.cs(38,25): warning CS8601: Possible null reference assignment. [D:\ASS TRANG WEB\ShoesStore\ShoesStore.csproj]
D:\ASS TRANG WEB\ShoesStore\Repositories\DongSanphamRepo.cs(52,26): warning CS8601: Possible null reference assignment. [D:\ASS TRANG WEB\ShoesStore\ShoesStore.csproj]
D:\ASS TRANG WEB\ShoesStore\Areas\Admin\Controllers\SanPhamAdminController.cs(281,35): warning CS8604: Possible null reference argument for parameter 'videoPath' in 'void SanPhamAdminController.DeleteVideo(int madongsp, string videoPath)'. [D:\ASS TRANG WEB\ShoesStore\ShoesStore.csproj]
D:\ASS TRANG WEB\ShoesStore\Repositories\BinhLuanRepository.cs(30,17): warning CS8600: Converting null literal or possible null value to non-nullable type. [D:\ASS TRANG WEB\ShoesStore\ShoesStore.csproj]
D:\ASS TRANG WEB\ShoesStore\Repositories\BinhLuanRepository.cs(31,85): warning CS8602: Dereference of a possibly null reference. [D:\ASS TRANG WEB\ShoesStore\ShoesStore.csproj]
D:\ASS TRANG WEB\ShoesStore\Repositories\BinhLuanRepository.cs(31,24): warning CS8602: Dereference of a possibly null reference. [D:\ASS TRANG WEB\ShoesStore\ShoesStore.csproj]
D:\ASS TRANG WEB\ShoesStore\Repositories\AddressNoteBookRepo.cs(33,20): warning CS8602: Dereference of a possibly null reference. [D:\ASS TRANG WEB\ShoesStore\ShoesStore.csproj]
D:\ASS TRANG WEB\ShoesStore\Repositories\AddressNoteBookRepo.cs(37,20): warning CS8602: Dereference of a possibly null reference. [D:\ASS TRANG WEB\ShoesStore\ShoesStore.csproj]
D:\ASS TRANG WEB\ShoesStore\Areas\Admin\InterfaceRepositories\NhanvienAdminRepo.cs(16,24): warning CS8602: Dereference of a possibly null reference. [D:\ASS TRANG WEB\ShoesStore\ShoesStore.csproj]
D:\ASS TRANG WEB\ShoesStore\Repositories\AddressNoteBookRepo.cs(41,20): warning CS8602: Dereference of a possibly null reference. [D:\ASS TRANG WEB\ShoesStore\ShoesStore.csproj]
D:\ASS TRANG WEB\ShoesStore\Repositories\AddressNoteBookRepo.cs(45,29): warning CS8600: Converting null literal or possible null value to non-nullable type. [D:\ASS TRANG WEB\ShoesStore\ShoesStore.csproj]
D:\ASS TRANG WEB\ShoesStore\Repositories\AddressNoteBookRepo.cs(46,29): warning CS8600: Converting null literal or possible null value to non-nullable type. [D:\ASS TRANG WEB\ShoesStore\ShoesStore.csproj]
D:\ASS TRANG WEB\ShoesStore\Repositories\AddressNoteBookRepo.cs(47,27): warning CS8600: Converting null literal or possible null value to non-nullable type. [D:\ASS TRANG WEB\ShoesStore\ShoesStore.csproj]
D:\ASS TRANG WEB\ShoesStore\Repositories\AddressNoteBookRepo.cs(49,50): warning CS8602: Dereference of a possibly null reference. [D:\ASS TRANG WEB\ShoesStore\ShoesStore.csproj]
D:\ASS TRANG WEB\ShoesStore\Repositories\AddressNoteBookRepo.cs(49,74): warning CS8602: Dereference of a possibly null reference. [D:\ASS TRANG WEB\ShoesStore\ShoesStore.csproj]
D:\ASS TRANG WEB\ShoesStore\Repositories\AddressNoteBookRepo.cs(49,98): warning CS8602: Dereference of a possibly null reference. [D:\ASS TRANG WEB\ShoesStore\ShoesStore.csproj]
D:\ASS TRANG WEB\ShoesStore\Repositories\AddressNoteBookRepo.cs(66,20): warning CS8603: Possible null reference return. [D:\ASS TRANG WEB\ShoesStore\ShoesStore.csproj]
D:\ASS TRANG WEB\ShoesStore\Repositories\AddressNoteBookRepo.cs(71,28): warning CS8600: Converting null literal or possible null value to non-nullable type. [D:\ASS TRANG WEB\ShoesStore\ShoesStore.csproj]
D:\ASS TRANG WEB\ShoesStore\Repositories\AddressNoteBookRepo.cs(72,30): warning CS8602: Dereference of a possibly null reference. [D:\ASS TRANG WEB\ShoesStore\ShoesStore.csproj]
D:\ASS TRANG WEB\ShoesStore\Repositories\AddressNoteBookRepo.cs(73,30): warning CS8602: Dereference of a possibly null reference. [D:\ASS TRANG WEB\ShoesStore\ShoesStore.csproj]
D:\ASS TRANG WEB\ShoesStore\Repositories\AddressNoteBookRepo.cs(74,32): warning CS8602: Dereference of a possibly null reference. [D:\ASS TRANG WEB\ShoesStore\ShoesStore.csproj]
D:\ASS TRANG WEB\ShoesStore\Repositories\AddressNoteBookRepo.cs(77,13): warning CS8602: Dereference of a possibly null reference. [D:\ASS TRANG WEB\ShoesStore\ShoesStore.csproj]
D:\ASS TRANG WEB\ShoesStore\Repositories\AddressNoteBookRepo.cs(86,28): warning CS8600: Converting null literal or possible null value to non-nullable type. [D:\ASS TRANG WEB\ShoesStore\ShoesStore.csproj]
D:\ASS TRANG WEB\ShoesStore\Repositories\AddressNoteBookRepo.cs(87,38): warning CS8604: Possible null reference argument for parameter 'entity' in 'EntityEntry<Sodiachi> DbSet<Sodiachi>.Remove(Sodiachi entity)'. [D:\ASS TRANG WEB\ShoesStore\ShoesStore.csproj]
D:\ASS TRANG WEB\ShoesStore\Areas\Admin\Controllers\DongsanphamController.cs(51,44): warning CS8625: Cannot convert null literal to non-nullable reference type. [D:\ASS TRANG WEB\ShoesStore\ShoesStore.csproj]
D:\ASS TRANG WEB\ShoesStore\Areas\Admin\Repositories\ReportRepository.cs(56,35): warning CS8600: Converting null literal or possible null value to non-nullable type. [D:\ASS TRANG WEB\ShoesStore\ShoesStore.csproj]
D:\ASS TRANG WEB\ShoesStore\Areas\Admin\Repositories\ReportRepository.cs(57,30): warning CS8600: Converting null literal or possible null value to non-nullable type. [D:\ASS TRANG WEB\ShoesStore\ShoesStore.csproj]
D:\ASS TRANG WEB\ShoesStore\Areas\Admin\Repositories\ReportRepository.cs(61,35): warning CS8602: Dereference of a possibly null reference. [D:\ASS TRANG WEB\ShoesStore\ShoesStore.csproj]
D:\ASS TRANG WEB\ShoesStore\Areas\Admin\Controllers\BlogAdminController.cs(56,50): warning CS8604: Possible null reference argument for parameter 'email' in 'int INhanvien.getMaNVCurrent(string email)'. [D:\ASS TRANG WEB\ShoesStore\ShoesStore.csproj]
D:\ASS TRANG WEB\ShoesStore\Areas\Admin\Views\HomeAdmin\Index.cshtml(45,14): warning CS8602: Dereference of a possibly null reference. [D:\ASS TRANG WEB\ShoesStore\ShoesStore.csproj]
D:\ASS TRANG WEB\ShoesStore\Views\SanPham\HienThiSanpham.cshtml(7,27): warning CS8600: Converting null literal or possible null value to non-nullable type. [D:\ASS TRANG WEB\ShoesStore\ShoesStore.csproj]
D:\ASS TRANG WEB\ShoesStore\Views\PhieuMua\_PartialViewPriceDetail.cshtml(219,59): warning CS8602: Dereference of a possibly null reference. [D:\ASS TRANG WEB\ShoesStore\ShoesStore.csproj]
D:\ASS TRANG WEB\ShoesStore\Areas\Admin\Views\Shared\_LayoutAdmin.cshtml(159,26): warning CS8602: Dereference of a possibly null reference. [D:\ASS TRANG WEB\ShoesStore\ShoesStore.csproj]
D:\ASS TRANG WEB\ShoesStore\Areas\Admin\Views\SanPhamAdmin\UpdateSanPham.cshtml(42,91): warning CS8604: Possible null reference argument for parameter 'name' in 'MemberInfo[] Type.GetMember(string name)'. [D:\ASS TRANG WEB\ShoesStore\ShoesStore.csproj]
D:\ASS TRANG WEB\ShoesStore\Areas\Admin\Views\SanPhamAdmin\AddSanPham.cshtml(42,91): warning CS8604: Possible null reference argument for parameter 'name' in 'MemberInfo[] Type.GetMember(string name)'. [D:\ASS TRANG WEB\ShoesStore\ShoesStore.csproj]
D:\ASS TRANG WEB\ShoesStore\Views\Blog\Index.cshtml(83,56): warning CS8602: Dereference of a possibly null reference. [D:\ASS TRANG WEB\ShoesStore\ShoesStore.csproj]
D:\ASS TRANG WEB\ShoesStore\Views\FavouriteProducts\ViewFavouriteProducts.cshtml(56,42): warning CS0472: The result of the expression is always 'true' since a value of type 'int' is never equal to 'null' of type 'int?' [D:\ASS TRANG WEB\ShoesStore\ShoesStore.csproj]
D:\ASS TRANG WEB\ShoesStore\Views\PhieuMua\ThanhToan.cshtml(175,38): warning CS8602: Dereference of a possibly null reference. [D:\ASS TRANG WEB\ShoesStore\ShoesStore.csproj]
D:\ASS TRANG WEB\ShoesStore\Views\PhieuMua\ThanhToan.cshtml(176,38): warning CS8602: Dereference of a possibly null reference. [D:\ASS TRANG WEB\ShoesStore\ShoesStore.csproj]
D:\ASS TRANG WEB\ShoesStore\Views\Home\Index.cshtml(149,6): warning CS8602: Dereference of a possibly null reference. [D:\ASS TRANG WEB\ShoesStore\ShoesStore.csproj]
D:\ASS TRANG WEB\ShoesStore\Views\TrackingOrder\TrackingDetails.cshtml(6,21): warning MVC1000: Use of IHtmlHelper.Partial may result in application deadlocks. Consider using <partial> Tag Helper or IHtmlHelper.PartialAsync. [D:\ASS TRANG WEB\ShoesStore\ShoesStore.csproj]
D:\ASS TRANG WEB\ShoesStore\Views\Shared\Components\OrderHistory\Default.cshtml(29,26): warning MVC1000: Use of IHtmlHelper.Partial may result in application deadlocks. Consider using <partial> Tag Helper or IHtmlHelper.PartialAsync. [D:\ASS TRANG WEB\ShoesStore\ShoesStore.csproj]
D:\ASS TRANG WEB\ShoesStore\Views\Shared\Components\OrderHistory\Default.cshtml(48,42): warning MVC1000: Use of IHtmlHelper.Partial may result in application deadlocks. Consider using <partial> Tag Helper or IHtmlHelper.PartialAsync. [D:\ASS TRANG WEB\ShoesStore\ShoesStore.csproj]
D:\ASS TRANG WEB\ShoesStore\Areas\Admin\Views\PhieuMuaAdmin\Edit.cshtml(11,48): warning MVC1000: Use of IHtmlHelper.Partial may result in application deadlocks. Consider using <partial> Tag Helper or IHtmlHelper.PartialAsync. [D:\ASS TRANG WEB\ShoesStore\ShoesStore.csproj]
D:\ASS TRANG WEB\ShoesStore\Views\Shared\Components\BlogLast\Default.cshtml(10,8): error RZ1034: Found a malformed 'a' tag helper. Tag helpers must have a start and end tag or be self closing. [D:\ASS TRANG WEB\ShoesStore\ShoesStore.csproj]
    214 Warning(s)
    1 Error(s)

Time Elapsed 00:00:05.76

Workload updates are available. Run `dotnet workload list` for more information.
